[2026-07-06 12:11:36] [INFO] **************************************************
[2026-07-06 12:11:36] [INFO] 활성화된 연산 가속 장치: mps
[2026-07-06 12:11:36] [INFO] [-] 🎯 구조 제어 토큰 가중치 페널티 적용 완료 (타깃 토큰 수: 0개, 가중치: 5.0)
[2026-07-06 12:11:37] [INFO] 🚀 [v1] 2원화 사전을 장착한 양방향 통합 시퀀스 학습 가동...
[2026-07-06 12:41:33] [INFO] 🌟 [Epoch  1/30] Train Loss: 3.41005 | Val Loss: 1.38348 | LR: 0.000199
[2026-07-06 12:41:34] [INFO] [💾] Epoch  1 체크포인트 저장 완료 -> models_history/pixel_model_v1_epochs/e1.pt
[2026-07-06 12:41:35] [INFO] 
======================================================================
[2026-07-06 12:41:35] [INFO] 🔮 [Epoch  1 실시간 멀티모달 결과 모니터링 (Val Dataset[0])]
[2026-07-06 12:41:35] [INFO]  ├─ 입력 프롬프트 : <TASK_DESC> p16_000 1X p5_000 p6_255 p5_000 1X p3_000 p10_25...
[2026-07-06 12:41:35] [INFO]  ├─ 기대하는 정답 : white arcade toggle switch...
[2026-07-06 12:41:35] [INFO]  └─ 모델의 예측값 : pixel art of white switch stick left rotated...
[2026-07-06 12:41:35] [INFO] ======================================================================

[2026-07-06 12:41:35] [INFO] [👑] Best Val Loss 갱신! 최적 모델 세이브 -> models_history/pixel_model_v1.pt
[2026-07-06 13:21:02] [INFO] 🌟 [Epoch  2/30] Train Loss: 1.27132 | Val Loss: 0.99406 | LR: 0.000198
[2026-07-06 13:21:02] [INFO] [💾] Epoch  2 체크포인트 저장 완료 -> models_history/pixel_model_v1_epochs/e2.pt
[2026-07-06 13:21:02] [INFO] 
======================================================================
[2026-07-06 13:21:02] [INFO] 🔮 [Epoch  2 실시간 멀티모달 결과 모니터링 (Val Dataset[0])]
[2026-07-06 13:21:02] [INFO]  ├─ 입력 프롬프트 : <TASK_DESC> p16_000 1X p5_000 p6_255 p5_000 1X p3_000 p10_25...
[2026-07-06 13:21:02] [INFO]  ├─ 기대하는 정답 : white arcade toggle switch...
[2026-07-06 13:21:02] [INFO]  └─ 모델의 예측값 : pixel art of white key w flipped...
[2026-07-06 13:21:02] [INFO] ======================================================================

[2026-07-06 13:21:02] [INFO] [👑] Best Val Loss 갱신! 최적 모델 세이브 -> models_history/pixel_model_v1.pt
[2026-07-06 13:51:26] [INFO] 🌟 [Epoch  3/30] Train Loss: 0.96421 | Val Loss: 0.73664 | LR: 0.000195
[2026-07-06 13:51:26] [INFO] [💾] Epoch  3 체크포인트 저장 완료 -> models_history/pixel_model_v1_epochs/e3.pt
[2026-07-06 13:51:27] [INFO] 
======================================================================
[2026-07-06 13:51:27] [INFO] 🔮 [Epoch  3 실시간 멀티모달 결과 모니터링 (Val Dataset[0])]
[2026-07-06 13:51:27] [INFO]  ├─ 입력 프롬프트 : <TASK_DESC> p16_000 1X p5_000 p6_255 p5_000 1X p3_000 p10_25...
[2026-07-06 13:51:27] [INFO]  ├─ 기대하는 정답 : white arcade toggle switch...
[2026-07-06 13:51:27] [INFO]  └─ 모델의 예측값 : a white switch button text gc button rotated...
[2026-07-06 13:51:27] [INFO] ======================================================================

[2026-07-06 13:51:27] [INFO] [👑] Best Val Loss 갱신! 최적 모델 세이브 -> models_history/pixel_model_v1.pt
[2026-07-06 14:20:57] [INFO] 🌟 [Epoch  4/30] Train Loss: 0.76279 | Val Loss: 0.58045 | LR: 0.000191
[2026-07-06 14:20:57] [INFO] [💾] Epoch  4 체크포인트 저장 완료 -> models_history/pixel_model_v1_epochs/e4.pt
[2026-07-06 14:20:57] [INFO] 
======================================================================
[2026-07-06 14:20:57] [INFO] 🔮 [Epoch  4 실시간 멀티모달 결과 모니터링 (Val Dataset[0])]
[2026-07-06 14:20:57] [INFO]  ├─ 입력 프롬프트 : <TASK_DESC> p16_000 1X p5_000 p6_255 p5_000 1X p3_000 p10_25...
[2026-07-06 14:20:57] [INFO]  ├─ 기대하는 정답 : white arcade toggle switch...
[2026-07-06 14:20:57] [INFO]  └─ 모델의 예측값 : pixel art of white switch text l rotated...
[2026-07-06 14:20:57] [INFO] ======================================================================

[2026-07-06 14:20:57] [INFO] [👑] Best Val Loss 갱신! 최적 모델 세이브 -> models_history/pixel_model_v1.pt
[2026-07-06 14:48:07] [INFO] 🌟 [Epoch  5/30] Train Loss: 0.62831 | Val Loss: 0.47357 | LR: 0.000187
[2026-07-06 14:48:07] [INFO] [💾] Epoch  5 체크포인트 저장 완료 -> models_history/pixel_model_v1_epochs/e5.pt
[2026-07-06 14:48:08] [INFO] 
======================================================================
[2026-07-06 14:48:08] [INFO] 🔮 [Epoch  5 실시간 멀티모달 결과 모니터링 (Val Dataset[0])]
[2026-07-06 14:48:08] [INFO]  ├─ 입력 프롬프트 : <TASK_DESC> p16_000 1X p5_000 p6_255 p5_000 1X p3_000 p10_25...
[2026-07-06 14:48:08] [INFO]  ├─ 기대하는 정답 : white arcade toggle switch...
[2026-07-06 14:48:08] [INFO]  └─ 모델의 예측값 : a white arcade service button rotated...
[2026-07-06 14:48:08] [INFO] ======================================================================

[2026-07-06 14:48:08] [INFO] [👑] Best Val Loss 갱신! 최적 모델 세이브 -> models_history/pixel_model_v1.pt
[2026-07-06 15:14:52] [INFO] 🌟 [Epoch  6/30] Train Loss: 0.53467 | Val Loss: 0.40604 | LR: 0.000181
[2026-07-06 15:14:52] [INFO] [💾] Epoch  6 체크포인트 저장 완료 -> models_history/pixel_model_v1_epochs/e6.pt
[2026-07-06 15:14:52] [INFO] 
======================================================================
[2026-07-06 15:14:52] [INFO] 🔮 [Epoch  6 실시간 멀티모달 결과 모니터링 (Val Dataset[0])]
[2026-07-06 15:14:52] [INFO]  ├─ 입력 프롬프트 : <TASK_DESC> p16_000 1X p5_000 p6_255 p5_000 1X p3_000 p10_25...
[2026-07-06 15:14:52] [INFO]  ├─ 기대하는 정답 : white arcade toggle switch...
[2026-07-06 15:14:52] [INFO]  └─ 모델의 예측값 : Pixel art of white arcade dip switch...
[2026-07-06 15:14:52] [INFO] ======================================================================

[2026-07-06 15:14:52] [INFO] [👑] Best Val Loss 갱신! 최적 모델 세이브 -> models_history/pixel_model_v1.pt
[2026-07-06 15:42:58] [INFO] 🌟 [Epoch  7/30] Train Loss: 0.46308 | Val Loss: 0.33388 | LR: 0.000174
[2026-07-06 15:42:58] [INFO] [💾] Epoch  7 체크포인트 저장 완료 -> models_history/pixel_model_v1_epochs/e7.pt
[2026-07-06 15:42:58] [INFO] 
======================================================================
[2026-07-06 15:42:58] [INFO] 🔮 [Epoch  7 실시간 멀티모달 결과 모니터링 (Val Dataset[0])]
[2026-07-06 15:42:58] [INFO]  ├─ 입력 프롬프트 : <TASK_DESC> p16_000 1X p5_000 p6_255 p5_000 1X p3_000 p10_25...
[2026-07-06 15:42:58] [INFO]  ├─ 기대하는 정답 : white arcade toggle switch...
[2026-07-06 15:42:58] [INFO]  └─ 모델의 예측값 : pixel art of white switch text l rotated...
[2026-07-06 15:42:58] [INFO] ======================================================================

[2026-07-06 15:42:58] [INFO] [👑] Best Val Loss 갱신! 최적 모델 세이브 -> models_history/pixel_model_v1.pt
[2026-07-06 16:11:41] [INFO] 🌟 [Epoch  8/30] Train Loss: 0.40850 | Val Loss: 0.29572 | LR: 0.000167
[2026-07-06 16:11:42] [INFO] [💾] Epoch  8 체크포인트 저장 완료 -> models_history/pixel_model_v1_epochs/e8.pt
[2026-07-06 16:11:42] [INFO] 
======================================================================
[2026-07-06 16:11:42] [INFO] 🔮 [Epoch  8 실시간 멀티모달 결과 모니터링 (Val Dataset[0])]
[2026-07-06 16:11:42] [INFO]  ├─ 입력 프롬프트 : <TASK_DESC> p16_000 1X p5_000 p6_255 p5_000 1X p3_000 p10_25...
[2026-07-06 16:11:42] [INFO]  ├─ 기대하는 정답 : white arcade toggle switch...
[2026-07-06 16:11:42] [INFO]  └─ 모델의 예측값 : A white ps dpad blue up rotated...
[2026-07-06 16:11:42] [INFO] ======================================================================

[2026-07-06 16:11:42] [INFO] [👑] Best Val Loss 갱신! 최적 모델 세이브 -> models_history/pixel_model_v1.pt
[2026-07-06 16:39:29] [INFO] 🌟 [Epoch  9/30] Train Loss: 0.36549 | Val Loss: 0.25572 | LR: 0.000159
[2026-07-06 16:39:30] [INFO] [💾] Epoch  9 체크포인트 저장 완료 -> models_history/pixel_model_v1_epochs/e9.pt
[2026-07-06 16:39:30] [INFO] 
======================================================================
[2026-07-06 16:39:30] [INFO] 🔮 [Epoch  9 실시간 멀티모달 결과 모니터링 (Val Dataset[0])]
[2026-07-06 16:39:30] [INFO]  ├─ 입력 프롬프트 : <TASK_DESC> p16_000 1X p5_000 p6_255 p5_000 1X p3_000 p10_25...
[2026-07-06 16:39:30] [INFO]  ├─ 기대하는 정답 : white arcade toggle switch...
[2026-07-06 16:39:30] [INFO]  └─ 모델의 예측값 : a white ps share outline...
[2026-07-06 16:39:30] [INFO] ======================================================================

[2026-07-06 16:39:30] [INFO] [👑] Best Val Loss 갱신! 최적 모델 세이브 -> models_history/pixel_model_v1.pt
[2026-07-06 17:04:42] [INFO] 🌟 [Epoch 10/30] Train Loss: 0.33055 | Val Loss: 0.23173 | LR: 0.000150
[2026-07-06 17:04:42] [INFO] [💾] Epoch 10 체크포인트 저장 완료 -> models_history/pixel_model_v1_epochs/e10.pt
[2026-07-06 17:04:43] [INFO] 
======================================================================
[2026-07-06 17:04:43] [INFO] 🔮 [Epoch 10 실시간 멀티모달 결과 모니터링 (Val Dataset[0])]
[2026-07-06 17:04:43] [INFO]  ├─ 입력 프롬프트 : <TASK_DESC> p16_000 1X p5_000 p6_255 p5_000 1X p3_000 p10_25...
[2026-07-06 17:04:43] [INFO]  ├─ 기대하는 정답 : white arcade toggle switch...
[2026-07-06 17:04:43] [INFO]  └─ 모델의 예측값 : White arcade dip switch rotated...
[2026-07-06 17:04:43] [INFO] ======================================================================

[2026-07-06 17:04:43] [INFO] [👑] Best Val Loss 갱신! 최적 모델 세이브 -> models_history/pixel_model_v1.pt
[2026-07-06 17:30:52] [INFO] 🌟 [Epoch 11/30] Train Loss: 0.30116 | Val Loss: 0.20708 | LR: 0.000141
[2026-07-06 17:30:52] [INFO] [💾] Epoch 11 체크포인트 저장 완료 -> models_history/pixel_model_v1_epochs/e11.pt
[2026-07-06 17:30:52] [INFO] 
======================================================================
[2026-07-06 17:30:52] [INFO] 🔮 [Epoch 11 실시간 멀티모달 결과 모니터링 (Val Dataset[0])]
[2026-07-06 17:30:52] [INFO]  ├─ 입력 프롬프트 : <TASK_DESC> p16_000 1X p5_000 p6_255 p5_000 1X p3_000 p10_25...
[2026-07-06 17:30:52] [INFO]  ├─ 기대하는 정답 : white arcade toggle switch...
[2026-07-06 17:30:52] [INFO]  └─ 모델의 예측값 : pixel art of white ps dpad up rotated...
[2026-07-06 17:30:52] [INFO] ======================================================================

[2026-07-06 17:30:52] [INFO] [👑] Best Val Loss 갱신! 최적 모델 세이브 -> models_history/pixel_model_v1.pt
[2026-07-06 19:59:22] [INFO] 🌟 [Epoch 12/30] Train Loss: 0.27672 | Val Loss: 0.19386 | LR: 0.000131
[2026-07-06 19:59:22] [INFO] [💾] Epoch 12 체크포인트 저장 완료 -> models_history/pixel_model_v1_epochs/e12.pt
[2026-07-06 19:59:22] [INFO] 
======================================================================
[2026-07-06 19:59:22] [INFO] 🔮 [Epoch 12 실시간 멀티모달 결과 모니터링 (Val Dataset[0])]
[2026-07-06 19:59:22] [INFO]  ├─ 입력 프롬프트 : <TASK_DESC> p16_000 1X p5_000 p6_255 p5_000 1X p3_000 p10_25...
[2026-07-06 19:59:22] [INFO]  ├─ 기대하는 정답 : white arcade toggle switch...
[2026-07-06 19:59:22] [INFO]  └─ 모델의 예측값 : pixel art of white arcade slider v flipped...
[2026-07-06 19:59:22] [INFO] ======================================================================

[2026-07-06 19:59:22] [INFO] [👑] Best Val Loss 갱신! 최적 모델 세이브 -> models_history/pixel_model_v1.pt
[2026-07-06 20:27:44] [INFO] 🌟 [Epoch 13/30] Train Loss: 0.25647 | Val Loss: 0.17265 | LR: 0.000121
[2026-07-06 20:27:44] [INFO] [💾] Epoch 13 체크포인트 저장 완료 -> models_history/pixel_model_v1_epochs/e13.pt
[2026-07-06 20:27:44] [INFO] 
======================================================================
[2026-07-06 20:27:44] [INFO] 🔮 [Epoch 13 실시간 멀티모달 결과 모니터링 (Val Dataset[0])]
[2026-07-06 20:27:44] [INFO]  ├─ 입력 프롬프트 : <TASK_DESC> p16_000 1X p5_000 p6_255 p5_000 1X p3_000 p10_25...
[2026-07-06 20:27:44] [INFO]  ├─ 기대하는 정답 : white arcade toggle switch...
[2026-07-06 20:27:44] [INFO]  └─ 모델의 예측값 : pixel art of white arcade dip switch rotated...
[2026-07-06 20:27:44] [INFO] ======================================================================

[2026-07-06 20:27:44] [INFO] [👑] Best Val Loss 갱신! 최적 모델 세이브 -> models_history/pixel_model_v1.pt
[2026-07-06 20:56:26] [INFO] 🌟 [Epoch 14/30] Train Loss: 0.23808 | Val Loss: 0.16101 | LR: 0.000110
[2026-07-06 20:56:26] [INFO] [💾] Epoch 14 체크포인트 저장 완료 -> models_history/pixel_model_v1_epochs/e14.pt
[2026-07-06 20:56:26] [INFO] 
======================================================================
[2026-07-06 20:56:26] [INFO] 🔮 [Epoch 14 실시간 멀티모달 결과 모니터링 (Val Dataset[0])]
[2026-07-06 20:56:26] [INFO]  ├─ 입력 프롬프트 : <TASK_DESC> p16_000 1X p5_000 p6_255 p5_000 1X p3_000 p10_25...
[2026-07-06 20:56:26] [INFO]  ├─ 기대하는 정답 : white arcade toggle switch...
[2026-07-06 20:56:26] [INFO]  └─ 모델의 예측값 : a white arcade button rotated...
[2026-07-06 20:56:26] [INFO] ======================================================================

[2026-07-06 20:56:26] [INFO] [👑] Best Val Loss 갱신! 최적 모델 세이브 -> models_history/pixel_model_v1.pt
[2026-07-06 21:27:00] [INFO] 🌟 [Epoch 15/30] Train Loss: 0.22253 | Val Loss: 0.14684 | LR: 0.000100
[2026-07-06 21:27:00] [INFO] [💾] Epoch 15 체크포인트 저장 완료 -> models_history/pixel_model_v1_epochs/e15.pt
[2026-07-06 21:27:00] [INFO] 
======================================================================
[2026-07-06 21:27:00] [INFO] 🔮 [Epoch 15 실시간 멀티모달 결과 모니터링 (Val Dataset[0])]
[2026-07-06 21:27:00] [INFO]  ├─ 입력 프롬프트 : <TASK_DESC> p16_000 1X p5_000 p6_255 p5_000 1X p3_000 p10_25...
[2026-07-06 21:27:00] [INFO]  ├─ 기대하는 정답 : white arcade toggle switch...
[2026-07-06 21:27:00] [INFO]  └─ 모델의 예측값 : Pixel art of white ps r2 outline rotated...
[2026-07-06 21:27:00] [INFO] ======================================================================

[2026-07-06 21:27:00] [INFO] [👑] Best Val Loss 갱신! 최적 모델 세이브 -> models_history/pixel_model_v1.pt
[2026-07-06 21:57:24] [INFO] 🌟 [Epoch 16/30] Train Loss: 0.20830 | Val Loss: 0.13860 | LR: 0.000090
[2026-07-06 21:57:24] [INFO] [💾] Epoch 16 체크포인트 저장 완료 -> models_history/pixel_model_v1_epochs/e16.pt
[2026-07-06 21:57:24] [INFO] 
======================================================================
[2026-07-06 21:57:24] [INFO] 🔮 [Epoch 16 실시간 멀티모달 결과 모니터링 (Val Dataset[0])]
[2026-07-06 21:57:24] [INFO]  ├─ 입력 프롬프트 : <TASK_DESC> p16_000 1X p5_000 p6_255 p5_000 1X p3_000 p10_25...
[2026-07-06 21:57:24] [INFO]  ├─ 기대하는 정답 : white arcade toggle switch...
[2026-07-06 21:57:24] [INFO]  └─ 모델의 예측값 : white ps l2 outline rotated...
[2026-07-06 21:57:24] [INFO] ======================================================================

[2026-07-06 21:57:24] [INFO] [👑] Best Val Loss 갱신! 최적 모델 세이브 -> models_history/pixel_model_v1.pt
[2026-07-06 22:24:17] [INFO] 🌟 [Epoch 17/30] Train Loss: 0.19598 | Val Loss: 0.12913 | LR: 0.000079
[2026-07-06 22:24:17] [INFO] [💾] Epoch 17 체크포인트 저장 완료 -> models_history/pixel_model_v1_epochs/e17.pt
[2026-07-06 22:24:17] [INFO] 
======================================================================
[2026-07-06 22:24:17] [INFO] 🔮 [Epoch 17 실시간 멀티모달 결과 모니터링 (Val Dataset[0])]
[2026-07-06 22:24:17] [INFO]  ├─ 입력 프롬프트 : <TASK_DESC> p16_000 1X p5_000 p6_255 p5_000 1X p3_000 p10_25...
[2026-07-06 22:24:17] [INFO]  ├─ 기대하는 정답 : white arcade toggle switch...
[2026-07-06 22:24:17] [INFO]  └─ 모델의 예측값 : a white arcade dip switch...
[2026-07-06 22:24:17] [INFO] ======================================================================

[2026-07-06 22:24:17] [INFO] [👑] Best Val Loss 갱신! 최적 모델 세이브 -> models_history/pixel_model_v1.pt
[2026-07-06 22:51:17] [INFO] 🌟 [Epoch 18/30] Train Loss: 0.18553 | Val Loss: 0.12079 | LR: 0.000069
[2026-07-06 22:51:17] [INFO] [💾] Epoch 18 체크포인트 저장 완료 -> models_history/pixel_model_v1_epochs/e18.pt
[2026-07-06 22:51:18] [INFO] 
======================================================================
[2026-07-06 22:51:18] [INFO] 🔮 [Epoch 18 실시간 멀티모달 결과 모니터링 (Val Dataset[0])]
[2026-07-06 22:51:18] [INFO]  ├─ 입력 프롬프트 : <TASK_DESC> p16_000 1X p5_000 p6_255 p5_000 1X p3_000 p10_25...
[2026-07-06 22:51:18] [INFO]  ├─ 기대하는 정답 : white arcade toggle switch...
[2026-07-06 22:51:18] [INFO]  └─ 모델의 예측값 : a white arcade key lock rotated...
[2026-07-06 22:51:18] [INFO] ======================================================================

[2026-07-06 22:51:18] [INFO] [👑] Best Val Loss 갱신! 최적 모델 세이브 -> models_history/pixel_model_v1.pt
[2026-07-06 23:17:47] [INFO] 🌟 [Epoch 19/30] Train Loss: 0.17584 | Val Loss: 0.11422 | LR: 0.000059
[2026-07-06 23:17:47] [INFO] [💾] Epoch 19 체크포인트 저장 완료 -> models_history/pixel_model_v1_epochs/e19.pt
[2026-07-06 23:17:47] [INFO] 
======================================================================
[2026-07-06 23:17:47] [INFO] 🔮 [Epoch 19 실시간 멀티모달 결과 모니터링 (Val Dataset[0])]
[2026-07-06 23:17:47] [INFO]  ├─ 입력 프롬프트 : <TASK_DESC> p16_000 1X p5_000 p6_255 p5_000 1X p3_000 p10_25...
[2026-07-06 23:17:47] [INFO]  ├─ 기대하는 정답 : white arcade toggle switch...
[2026-07-06 23:17:47] [INFO]  └─ 모델의 예측값 : a white arcade key lock rotated...
[2026-07-06 23:17:47] [INFO] ======================================================================

[2026-07-06 23:17:47] [INFO] [👑] Best Val Loss 갱신! 최적 모델 세이브 -> models_history/pixel_model_v1.pt
[2026-07-06 23:44:13] [INFO] 🌟 [Epoch 20/30] Train Loss: 0.16737 | Val Loss: 0.10730 | LR: 0.000050
[2026-07-06 23:44:13] [INFO] [💾] Epoch 20 체크포인트 저장 완료 -> models_history/pixel_model_v1_epochs/e20.pt
[2026-07-06 23:44:13] [INFO] 
======================================================================
[2026-07-06 23:44:13] [INFO] 🔮 [Epoch 20 실시간 멀티모달 결과 모니터링 (Val Dataset[0])]
[2026-07-06 23:44:13] [INFO]  ├─ 입력 프롬프트 : <TASK_DESC> p16_000 1X p5_000 p6_255 p5_000 1X p3_000 p10_25...
[2026-07-06 23:44:13] [INFO]  ├─ 기대하는 정답 : white arcade toggle switch...
[2026-07-06 23:44:13] [INFO]  └─ 모델의 예측값 : White arcade dip switch flipped...
[2026-07-06 23:44:13] [INFO] ======================================================================

[2026-07-06 23:44:13] [INFO] [👑] Best Val Loss 갱신! 최적 모델 세이브 -> models_history/pixel_model_v1.pt
[2026-07-07 00:10:25] [INFO] 🌟 [Epoch 21/30] Train Loss: 0.16012 | Val Loss: 0.10320 | LR: 0.000041
[2026-07-07 00:10:26] [INFO] [💾] Epoch 21 체크포인트 저장 완료 -> models_history/pixel_model_v1_epochs/e21.pt
[2026-07-07 00:10:26] [INFO] 
======================================================================
[2026-07-07 00:10:26] [INFO] 🔮 [Epoch 21 실시간 멀티모달 결과 모니터링 (Val Dataset[0])]
[2026-07-07 00:10:26] [INFO]  ├─ 입력 프롬프트 : <TASK_DESC> p16_000 1X p5_000 p6_255 p5_000 1X p3_000 p10_25...
[2026-07-07 00:10:26] [INFO]  ├─ 기대하는 정답 : white arcade toggle switch...
[2026-07-07 00:10:26] [INFO]  └─ 모델의 예측값 : a white arcade key lock rotated...
[2026-07-07 00:10:26] [INFO] ======================================================================

[2026-07-07 00:10:26] [INFO] [👑] Best Val Loss 갱신! 최적 모델 세이브 -> models_history/pixel_model_v1.pt
[2026-07-07 00:36:47] [INFO] 🌟 [Epoch 22/30] Train Loss: 0.15341 | Val Loss: 0.09919 | LR: 0.000033
[2026-07-07 00:36:47] [INFO] [💾] Epoch 22 체크포인트 저장 완료 -> models_history/pixel_model_v1_epochs/e22.pt
[2026-07-07 00:36:47] [INFO] 
======================================================================
[2026-07-07 00:36:47] [INFO] 🔮 [Epoch 22 실시간 멀티모달 결과 모니터링 (Val Dataset[0])]
[2026-07-07 00:36:47] [INFO]  ├─ 입력 프롬프트 : <TASK_DESC> p16_000 1X p5_000 p6_255 p5_000 1X p3_000 p10_25...
[2026-07-07 00:36:47] [INFO]  ├─ 기대하는 정답 : white arcade toggle switch...
[2026-07-07 00:36:47] [INFO]  └─ 모델의 예측값 : a white arcade dip switch...
[2026-07-07 00:36:47] [INFO] ======================================================================

[2026-07-07 00:36:47] [INFO] [👑] Best Val Loss 갱신! 최적 모델 세이브 -> models_history/pixel_model_v1.pt
[2026-07-07 01:03:12] [INFO] 🌟 [Epoch 23/30] Train Loss: 0.14819 | Val Loss: 0.09511 | LR: 0.000026
[2026-07-07 01:03:12] [INFO] [💾] Epoch 23 체크포인트 저장 완료 -> models_history/pixel_model_v1_epochs/e23.pt
[2026-07-07 01:03:12] [INFO] 
======================================================================
[2026-07-07 01:03:12] [INFO] 🔮 [Epoch 23 실시간 멀티모달 결과 모니터링 (Val Dataset[0])]
[2026-07-07 01:03:12] [INFO]  ├─ 입력 프롬프트 : <TASK_DESC> p16_000 1X p5_000 p6_255 p5_000 1X p3_000 p10_25...
[2026-07-07 01:03:12] [INFO]  ├─ 기대하는 정답 : white arcade toggle switch...
[2026-07-07 01:03:12] [INFO]  └─ 모델의 예측값 : a white arcade key lock rotated...
[2026-07-07 01:03:12] [INFO] ======================================================================

[2026-07-07 01:03:13] [INFO] [👑] Best Val Loss 갱신! 최적 모델 세이브 -> models_history/pixel_model_v1.pt
[2026-07-07 01:29:41] [INFO] 🌟 [Epoch 24/30] Train Loss: 0.14336 | Val Loss: 0.09211 | LR: 0.000019
[2026-07-07 01:29:41] [INFO] [💾] Epoch 24 체크포인트 저장 완료 -> models_history/pixel_model_v1_epochs/e24.pt
[2026-07-07 01:29:41] [INFO] 
======================================================================
[2026-07-07 01:29:41] [INFO] 🔮 [Epoch 24 실시간 멀티모달 결과 모니터링 (Val Dataset[0])]
[2026-07-07 01:29:41] [INFO]  ├─ 입력 프롬프트 : <TASK_DESC> p16_000 1X p5_000 p6_255 p5_000 1X p3_000 p10_25...
[2026-07-07 01:29:41] [INFO]  ├─ 기대하는 정답 : white arcade toggle switch...
[2026-07-07 01:29:41] [INFO]  └─ 모델의 예측값 : A white arcade dip switch flipped...
[2026-07-07 01:29:41] [INFO] ======================================================================

[2026-07-07 01:29:41] [INFO] [👑] Best Val Loss 갱신! 최적 모델 세이브 -> models_history/pixel_model_v1.pt
[2026-07-07 01:56:09] [INFO] 🌟 [Epoch 25/30] Train Loss: 0.13900 | Val Loss: 0.08952 | LR: 0.000013
[2026-07-07 01:56:09] [INFO] [💾] Epoch 25 체크포인트 저장 완료 -> models_history/pixel_model_v1_epochs/e25.pt
[2026-07-07 01:56:09] [INFO] 
======================================================================
[2026-07-07 01:56:09] [INFO] 🔮 [Epoch 25 실시간 멀티모달 결과 모니터링 (Val Dataset[0])]
[2026-07-07 01:56:09] [INFO]  ├─ 입력 프롬프트 : <TASK_DESC> p16_000 1X p5_000 p6_255 p5_000 1X p3_000 p10_25...
[2026-07-07 01:56:09] [INFO]  ├─ 기대하는 정답 : white arcade toggle switch...
[2026-07-07 01:56:09] [INFO]  └─ 모델의 예측값 : a white arcade dip switch flipped...
[2026-07-07 01:56:09] [INFO] ======================================================================

[2026-07-07 01:56:09] [INFO] [👑] Best Val Loss 갱신! 최적 모델 세이브 -> models_history/pixel_model_v1.pt
[2026-07-07 02:22:45] [INFO] 🌟 [Epoch 26/30] Train Loss: 0.13623 | Val Loss: 0.08797 | LR: 0.000009
[2026-07-07 02:22:45] [INFO] [💾] Epoch 26 체크포인트 저장 완료 -> models_history/pixel_model_v1_epochs/e26.pt
[2026-07-07 02:22:45] [INFO] 
======================================================================
[2026-07-07 02:22:45] [INFO] 🔮 [Epoch 26 실시간 멀티모달 결과 모니터링 (Val Dataset[0])]
[2026-07-07 02:22:45] [INFO]  ├─ 입력 프롬프트 : <TASK_DESC> p16_000 1X p5_000 p6_255 p5_000 1X p3_000 p10_25...
[2026-07-07 02:22:45] [INFO]  ├─ 기대하는 정답 : white arcade toggle switch...
[2026-07-07 02:22:45] [INFO]  └─ 모델의 예측값 : white arcade key lock rotated...
[2026-07-07 02:22:45] [INFO] ======================================================================

[2026-07-07 02:22:45] [INFO] [👑] Best Val Loss 갱신! 최적 모델 세이브 -> models_history/pixel_model_v1.pt
[2026-07-07 02:49:11] [INFO] 🌟 [Epoch 27/30] Train Loss: 0.13385 | Val Loss: 0.08647 | LR: 0.000005
[2026-07-07 02:49:11] [INFO] [💾] Epoch 27 체크포인트 저장 완료 -> models_history/pixel_model_v1_epochs/e27.pt
[2026-07-07 02:49:12] [INFO] 
======================================================================
[2026-07-07 02:49:12] [INFO] 🔮 [Epoch 27 실시간 멀티모달 결과 모니터링 (Val Dataset[0])]
[2026-07-07 02:49:12] [INFO]  ├─ 입력 프롬프트 : <TASK_DESC> p16_000 1X p5_000 p6_255 p5_000 1X p3_000 p10_25...
[2026-07-07 02:49:12] [INFO]  ├─ 기대하는 정답 : white arcade toggle switch...
[2026-07-07 02:49:12] [INFO]  └─ 모델의 예측값 : a white arcade key lock rotated...
[2026-07-07 02:49:12] [INFO] ======================================================================

[2026-07-07 02:49:12] [INFO] [👑] Best Val Loss 갱신! 최적 모델 세이브 -> models_history/pixel_model_v1.pt
[2026-07-07 03:15:34] [INFO] 🌟 [Epoch 28/30] Train Loss: 0.13208 | Val Loss: 0.08566 | LR: 0.000002
[2026-07-07 03:15:34] [INFO] [💾] Epoch 28 체크포인트 저장 완료 -> models_history/pixel_model_v1_epochs/e28.pt
[2026-07-07 03:15:34] [INFO] 
======================================================================
[2026-07-07 03:15:34] [INFO] 🔮 [Epoch 28 실시간 멀티모달 결과 모니터링 (Val Dataset[0])]
[2026-07-07 03:15:34] [INFO]  ├─ 입력 프롬프트 : <TASK_DESC> p16_000 1X p5_000 p6_255 p5_000 1X p3_000 p10_25...
[2026-07-07 03:15:34] [INFO]  ├─ 기대하는 정답 : white arcade toggle switch...
[2026-07-07 03:15:34] [INFO]  └─ 모델의 예측값 : a white arcade dip switch flipped...
[2026-07-07 03:15:34] [INFO] ======================================================================

[2026-07-07 03:15:34] [INFO] [👑] Best Val Loss 갱신! 최적 모델 세이브 -> models_history/pixel_model_v1.pt
[2026-07-07 03:41:58] [INFO] 🌟 [Epoch 29/30] Train Loss: 0.13105 | Val Loss: 0.08515 | LR: 0.000001
[2026-07-07 03:41:58] [INFO] [💾] Epoch 29 체크포인트 저장 완료 -> models_history/pixel_model_v1_epochs/e29.pt
[2026-07-07 03:41:58] [INFO] 
======================================================================
[2026-07-07 03:41:58] [INFO] 🔮 [Epoch 29 실시간 멀티모달 결과 모니터링 (Val Dataset[0])]
[2026-07-07 03:41:58] [INFO]  ├─ 입력 프롬프트 : <TASK_DESC> p16_000 1X p5_000 p6_255 p5_000 1X p3_000 p10_25...
[2026-07-07 03:41:58] [INFO]  ├─ 기대하는 정답 : white arcade toggle switch...
[2026-07-07 03:41:58] [INFO]  └─ 모델의 예측값 : a white arcade dip switch flipped...
[2026-07-07 03:41:58] [INFO] ======================================================================

[2026-07-07 03:41:58] [INFO] [👑] Best Val Loss 갱신! 최적 모델 세이브 -> models_history/pixel_model_v1.pt
[2026-07-07 04:08:24] [INFO] 🌟 [Epoch 30/30] Train Loss: 0.13033 | Val Loss: 0.08491 | LR: 0.000000
[2026-07-07 04:08:24] [INFO] [💾] Epoch 30 체크포인트 저장 완료 -> models_history/pixel_model_v1_epochs/e30.pt
[2026-07-07 04:08:25] [INFO] 
======================================================================
[2026-07-07 04:08:25] [INFO] 🔮 [Epoch 30 실시간 멀티모달 결과 모니터링 (Val Dataset[0])]
[2026-07-07 04:08:25] [INFO]  ├─ 입력 프롬프트 : <TASK_DESC> p16_000 1X p5_000 p6_255 p5_000 1X p3_000 p10_25...
[2026-07-07 04:08:25] [INFO]  ├─ 기대하는 정답 : white arcade toggle switch...
[2026-07-07 04:08:25] [INFO]  └─ 모델의 예측값 : a white arcade dip switch flipped...
[2026-07-07 04:08:25] [INFO] ======================================================================

[2026-07-07 04:08:25] [INFO] [👑] Best Val Loss 갱신! 최적 모델 세이브 -> models_history/pixel_model_v1.pt
[2026-07-07 04:08:25] [INFO] [+] 🚀 멀티태스크 양방향 Seq2Seq 모델 학습 완료! (Best Val Loss: 0.08491)
[2026-07-07 04:08:25] [INFO] [✓] 학습 추적 세부 로그 파일 영사 완료: logs/train/20260706_121136.log
