[2026-07-06 12:11:10] [INFO] ============================================================
[2026-07-06 12:11:10] [INFO] 🛰️  PIXEL-ART CORE TRAINING PIPELINE
[2026-07-06 12:11:10] [INFO] ============================================================
[2026-07-06 12:11:10] [INFO]  [✓] 디렉토리 신규 생성: dataset_history
[2026-07-06 12:11:10] [INFO]  [✓] 디렉토리 신규 생성: models_history
[2026-07-06 12:11:10] [INFO]  [✓] 디렉토리 신규 생성: tokenizer_history
[2026-07-06 12:11:10] [INFO] [✓] 🔄 모든 버전 카운트 업 완료 (+1) -> pixel_versions.json 업데이트
[2026-07-06 12:11:10] [INFO] [*] ⚙️  [1/6] 개발 환경 내 필수 패키지 검사 중...
[2026-07-06 12:11:11] [INFO]  [✓] torch 라이브러리가 준비되어 있습니다.
[2026-07-06 12:11:11] [INFO]  [✓] tokenizers 라이브러리가 준비되어 있습니다.
[2026-07-06 12:11:11] [INFO]  [✓] scikit-learn 라이브러리가 준비되어 있습니다.
[2026-07-06 12:11:11] [INFO] ------------------------------------------------------------
[2026-07-06 12:11:11] [INFO] ============================================================
[2026-07-06 12:11:11] [INFO] 🛰️  [PIXEL-ART ENGINE CONFIG] ACTIVE VERSION MANAGEMENT
[2026-07-06 12:11:11] [INFO]  ├─ Dataset Version  : v1
[2026-07-06 12:11:11] [INFO]  ├─ Tokenizer Version: v1
[2026-07-06 12:11:11] [INFO]  └─ Model Version    : v1
[2026-07-06 12:11:11] [INFO] ------------------------------------------------------------
[2026-07-06 12:11:11] [INFO]  📝 [Source Train]   : dataset_history/pixel_train_v1.jsonl
[2026-07-06 12:11:11] [INFO]  📝 [Source Val]     : dataset_history/pixel_val_v1.jsonl
[2026-07-06 12:11:11] [INFO]  📝 [Source Test]    : dataset_history/pixel_test_v1.jsonl
[2026-07-06 12:11:11] [INFO]  🔑 [Text Tokenizer] : tokenizer_history/pixel_text_tokenizer_v1.json
[2026-07-06 12:11:11] [INFO]  🔑 [Pixel Tokenizer]: tokenizer_history/pixel_pixel_tokenizer_v1.json
[2026-07-06 12:11:11] [INFO]  💾 [Target Weights] : models_history/pixel_model_v1.pt
[2026-07-06 12:11:11] [INFO] ============================================================

[2026-07-06 12:11:11] [INFO] 
🎬 [2/6] pixel_data_generator.py 가동 중...
[2026-07-06 12:11:32] [INFO] [✓] pixel_data_generator.py 연산 성공.
[2026-07-06 12:11:32] [INFO] ------------------------------------------------------------
[2026-07-06 12:11:32] [INFO] 
🎬 [3/6] train_tokenizer.py 가동 중...
[2026-07-06 12:11:34] [INFO] [✓] train_tokenizer.py 연산 성공.
[2026-07-06 12:11:34] [INFO] ------------------------------------------------------------
[2026-07-06 12:11:34] [INFO] 
🎬 [4/6] split_dataset.py 가동 중...
[2026-07-06 12:11:36] [INFO] [✓] split_dataset.py 연산 성공.
[2026-07-06 12:11:36] [INFO] ------------------------------------------------------------
[2026-07-06 12:11:36] [INFO] 
🎬 [5/6] pixel_train.py 가동 중...
[2026-07-07 04:08:40] [INFO] [✓] pixel_train.py 연산 성공.
[2026-07-07 04:08:40] [INFO] ------------------------------------------------------------
[2026-07-07 04:08:40] [INFO] 
🎬 [6/6] evaluate_model.py 가동 중...
[2026-07-07 04:08:41] [ERROR] 
[❌ 중단] evaluate_model.py 실행 중 에러 발생.
