[2026-07-05 09:48:35] [INFO] ============================================================
[2026-07-05 09:48:35] [INFO] 🛰️  PIXEL-ART CORE TRAINING PIPELINE
[2026-07-05 09:48:35] [INFO] ============================================================
[2026-07-05 09:48:35] [INFO] [✓] 🔄 모든 버전 카운트 업 완료 (+1) -> pixel_versions.json 업데이트
[2026-07-05 09:48:35] [INFO] [*] ⚙️  [1/6] 개발 환경 내 필수 패키지 검사 중...
[2026-07-05 09:48:36] [INFO]  [✓] torch 라이브러리가 준비되어 있습니다.
[2026-07-05 09:48:36] [INFO]  [✓] tokenizers 라이브러리가 준비되어 있습니다.
[2026-07-05 09:48:37] [INFO]  [✓] scikit-learn 라이브러리가 준비되어 있습니다.
[2026-07-05 09:48:37] [INFO] ------------------------------------------------------------
[2026-07-05 09:48:37] [INFO] ============================================================
[2026-07-05 09:48:37] [INFO] 🛰️  [PIXEL-ART ENGINE CONFIG] ACTIVE VERSION MANAGEMENT
[2026-07-05 09:48:37] [INFO]  ├─ Dataset Version  : v11
[2026-07-05 09:48:37] [INFO]  ├─ BPE Version      : v11
[2026-07-05 09:48:37] [INFO]  └─ Model Version    : v15
[2026-07-05 09:48:37] [INFO] ------------------------------------------------------------
[2026-07-05 09:48:37] [INFO]  📝 [Source Train]   : dataset_history/pixel_train_v11.jsonl
[2026-07-05 09:48:37] [INFO]  📝 [Source Val]     : dataset_history/pixel_val_v11.jsonl
[2026-07-05 09:48:37] [INFO]  📝 [Source Test]    : dataset_history/pixel_test_v11.jsonl
[2026-07-05 09:48:37] [INFO]  💾 [Target Weights] : models_history/pixel_model_v15.pt
[2026-07-05 09:48:37] [INFO] ============================================================

[2026-07-05 09:48:37] [INFO] 
🎬 [2/6] pixel_data_generator.py 가동 중...
[2026-07-05 09:48:54] [INFO] [✓] pixel_data_generator.py 연산 성공.
[2026-07-05 09:48:54] [INFO] ------------------------------------------------------------
[2026-07-05 09:48:54] [INFO] 
🎬 [3/6] train_tokenizer.py 가동 중...
[2026-07-05 09:48:54] [INFO] [✓] train_tokenizer.py 연산 성공.
[2026-07-05 09:48:54] [INFO] ------------------------------------------------------------
[2026-07-05 09:48:54] [INFO] 
🎬 [4/6] split_dataset.py 가동 중...
[2026-07-05 09:48:55] [INFO] [✓] split_dataset.py 연산 성공.
[2026-07-05 09:48:55] [INFO] ------------------------------------------------------------
[2026-07-05 09:48:55] [INFO] 
🎬 [5/6] pixel_train.py 가동 중...
[2026-07-05 09:54:58] [INFO] [✓] pixel_train.py 연산 성공.
[2026-07-05 09:54:58] [INFO] ------------------------------------------------------------
[2026-07-05 09:54:58] [INFO] 
🎬 [6/6] evaluate_model.py 가동 중...
[2026-07-05 09:55:04] [INFO] [✓] evaluate_model.py 연산 성공.
[2026-07-05 09:55:04] [INFO] ------------------------------------------------------------
[2026-07-05 09:55:04] [INFO] 
🎉 [SUCCESS] 학습 파이프라인 완주!
[2026-07-05 09:55:04] [INFO] 💡 이제 다음 명령어로 추론 모델을 실행하세요: python pixel_inference.py

[2026-07-05 09:55:04] [INFO] [✓] 전체 공정 마스터 로그 저장 완료: logs/pipeline/20260705_094835.log
