[2026-08-04 20:31:22] [INFO] ============================================================
[2026-08-04 20:31:22] [INFO] 🛰️  PIXEL-ART CORE TRAINING PIPELINE
[2026-08-04 20:31:22] [INFO] ============================================================
[2026-08-04 20:31:22] [INFO] [✓] 🔄 모든 버전 카운트 업 완료 (+1) -> pixel_versions.json 업데이트
[2026-08-04 20:31:22] [INFO] [*] ⚙️  [1/6] 개발 환경 내 필수 패키지 검사 중...
[2026-08-04 20:31:22] [INFO]  [✓] torch 라이브러리가 준비되어 있습니다.
[2026-08-04 20:31:22] [INFO]  [✓] tokenizers 라이브러리가 준비되어 있습니다.
[2026-08-04 20:31:25] [INFO]  [✓] scikit-learn 라이브러리가 준비되어 있습니다.
[2026-08-04 20:31:25] [INFO] ------------------------------------------------------------
[2026-08-04 20:31:25] [INFO] ============================================================
[2026-08-04 20:31:25] [INFO] 🛰️  [PIXEL-ART ENGINE CONFIG] ACTIVE VERSION MANAGEMENT
[2026-08-04 20:31:25] [INFO]  ├─ Dataset Version  : v2
[2026-08-04 20:31:25] [INFO]  ├─ Tokenizer Version: v2
[2026-08-04 20:31:25] [INFO]  └─ Model Version    : v2
[2026-08-04 20:31:25] [INFO] ------------------------------------------------------------
[2026-08-04 20:31:25] [INFO]  📝 [Source Train]   : dataset_history/pixel_train_v2.jsonl
[2026-08-04 20:31:25] [INFO]  📝 [Source Val]     : dataset_history/pixel_val_v2.jsonl
[2026-08-04 20:31:25] [INFO]  📝 [Source Test]    : dataset_history/pixel_test_v2.jsonl
[2026-08-04 20:31:25] [INFO]  🔑 [Text Tokenizer] : tokenizer_history/pixel_text_tokenizer_v2.json
[2026-08-04 20:31:25] [INFO]  🔑 [Pixel Tokenizer]: tokenizer_history/pixel_pixel_tokenizer_v2.json
[2026-08-04 20:31:25] [INFO]  💾 [Target Weights] : models_history/pixel_model_v2.pt
[2026-08-04 20:31:25] [INFO] ============================================================

[2026-08-04 20:31:25] [INFO] 
🎬 [2/6] pixel_data_generator.py 가동 중...
[2026-08-04 20:31:46] [INFO] [✓] pixel_data_generator.py 연산 성공.
[2026-08-04 20:31:46] [INFO] ------------------------------------------------------------
[2026-08-04 20:31:46] [INFO] 
🎬 [3/6] train_tokenizer.py 가동 중...
[2026-08-04 20:31:48] [INFO] [✓] train_tokenizer.py 연산 성공.
[2026-08-04 20:31:48] [INFO] ------------------------------------------------------------
[2026-08-04 20:31:48] [INFO] 
🎬 [4/6] split_dataset.py 가동 중...
[2026-08-04 20:31:50] [INFO] [✓] split_dataset.py 연산 성공.
[2026-08-04 20:31:50] [INFO] ------------------------------------------------------------
[2026-08-04 20:31:50] [INFO] 
🎬 [5/6] pixel_train.py 가동 중...
