============================================================
❌ TRANSFORMER ERROR ANALYSIS REPORT (총 151개의 오답 중 8개 샘플링)
🎯 최종 정확도: 92.52%
============================================================

============================================================
🚨 [CASE #1] (오답 일련번호: #1) Prompt: Dark gray flask potion
============================================================
▶️ Ground Truth Protocol:
16c000 1X 6c000 1c168 2c246 1c168 6c000 1X 5c000 1c146 4c246 1c073 5c000 1X 5c000 1c255 1c173 2c246 1c173 1c146 5c000 1X 5c000 1c255 1c068 2c137 1c068 1c146 5c000 1X 5c000 4c255 1c218 1c146 5c000 1X 3c000 1c146 1c255 1c000 3c218 1c146 1c000 1c218 1c146 3c000 1X 3c000 3c255 1c000 3c036 1c000 2c218 3c000 1X 3c000 4c255 4c109 1c036 1c218 3c000 1X 3c000 1c218 2c255 5c073 1c109 1c218 3c000 1X 3c000 1c146 1c000 1c255 1c146 2c182 2c146 1c073 1c146 3c000 1X 4c000 1c146 1c000 1c218 3c073 1c000 1c146 4c000 1X 4c000 1c146 1c000 1c218 2c073 1c036 1c000 1c146 4c000 1X 5c000 1c146 1c218 3c000 1c146 5c000 1X 5c000 1c073 1c146 2c255 1c146 1c073 5c000 1X 16c000

▶️ Predicted Protocol:
16c000 1X 6c000 1c168 2c246 1c168 6c000 1X 5c000 1c146 4c246 1c073 5c000 1X 5c000 1c255 1c173 2c246 1c173 1c146 5c000 1X 5c000 1c255 1c068 2c137 1c068 1c146 5c000 1X 5c000 1c146 3c255 1c218 1c146 5c000 1X 5c000 1c073 3c218 1c146 1c073 5c000 1X 5c000 1c218 1c000 2c036 1c000 1c218 5c000 1X 4c000 1c218 1c219 1c255 1c146 2c109 1c036 1c218 4c000 1X 4c000 1c219 2c255 3c073 1c109 1c218 4c000 1X 3c000 1c146 1c219 1c255 1c146 2c182 1c146 1c073 1c036 1c146 3c000 1X 3c000 1c146 1c000 1c218 5c073 1c036 1c146 3c000 1X 2c000 1c146 1c000 1c036 1c218 5c073 1c036 1c000 1c146 2c000 1X 2c000 1c146 2c000 1c218 5c036 2c000 1c146 2c000 1X 2c000 1c073 2c218 6c255 2c218 1c073 2c000 1X 16c000

🖼️ [시각 보정 비교]
    [ 정답 (Ground Truth) ]              [ 모델 예측 (Predicted) ]
    ⬛⬛⬛⬛⬛⬛⬛⬛⬛⬛⬛⬛⬛⬛⬛⬛    |    ⬛⬛⬛⬛⬛⬛⬛⬛⬛⬛⬛⬛⬛⬛⬛⬛
    ⬛⬛⬛⬛⬛⬛❓❓❓❓⬛⬛⬛⬛⬛⬛    |    ⬛⬛⬛⬛⬛⬛❓❓❓❓⬛⬛⬛⬛⬛⬛
    ⬛⬛⬛⬛⬛❓❓❓❓❓❓⬛⬛⬛⬛⬛    |    ⬛⬛⬛⬛⬛❓❓❓❓❓❓⬛⬛⬛⬛⬛
    ⬛⬛⬛⬛⬛⬜❓❓❓❓❓⬛⬛⬛⬛⬛    |    ⬛⬛⬛⬛⬛⬜❓❓❓❓❓⬛⬛⬛⬛⬛
    ⬛⬛⬛⬛⬛⬜❓❓❓❓❓⬛⬛⬛⬛⬛    |    ⬛⬛⬛⬛⬛⬜❓❓❓❓❓⬛⬛⬛⬛⬛
    ⬛⬛⬛⬛⬛⬜⬜⬜⬜❓❓⬛⬛⬛⬛⬛    |    ⬛⬛⬛⬛⬛❓⬜⬜⬜❓❓⬛⬛⬛⬛⬛
    ⬛⬛⬛❓⬜⬛❓❓❓❓⬛❓❓⬛⬛⬛    |    ⬛⬛⬛⬛⬛❓❓❓❓❓❓⬛⬛⬛⬛⬛
    ⬛⬛⬛⬜⬜⬜⬛❓❓❓⬛❓❓⬛⬛⬛    |    ⬛⬛⬛⬛⬛❓⬛❓❓⬛❓⬛⬛⬛⬛⬛
    ⬛⬛⬛⬜⬜⬜⬜❓❓❓❓❓❓⬛⬛⬛    |    ⬛⬛⬛⬛❓❓⬜❓❓❓❓❓⬛⬛⬛⬛
    ⬛⬛⬛❓⬜⬜❓❓❓❓❓❓❓⬛⬛⬛    |    ⬛⬛⬛⬛❓⬜⬜❓❓❓❓❓⬛⬛⬛⬛
    ⬛⬛⬛❓⬛⬜❓❓❓❓❓❓❓⬛⬛⬛    |    ⬛⬛⬛❓❓⬜❓❓❓❓❓❓❓⬛⬛⬛
    ⬛⬛⬛⬛❓⬛❓❓❓❓⬛❓⬛⬛⬛⬛    |    ⬛⬛⬛❓⬛❓❓❓❓❓❓❓❓⬛⬛⬛
    ⬛⬛⬛⬛❓⬛❓❓❓❓⬛❓⬛⬛⬛⬛    |    ⬛⬛❓⬛❓❓❓❓❓❓❓❓⬛❓⬛⬛
    ⬛⬛⬛⬛⬛❓❓⬛⬛⬛❓⬛⬛⬛⬛⬛    |    ⬛⬛❓⬛⬛❓❓❓❓❓❓⬛⬛❓⬛⬛
    ⬛⬛⬛⬛⬛❓❓⬜⬜❓❓⬛⬛⬛⬛⬛    |    ⬛⬛❓❓❓⬜⬜⬜⬜⬜⬜❓❓❓⬛⬛
    ⬛⬛⬛⬛⬛⬛⬛⬛⬛⬛⬛⬛⬛⬛⬛⬛    |    ⬛⬛⬛⬛⬛⬛⬛⬛⬛⬛⬛⬛⬛⬛⬛⬛


============================================================
🚨 [CASE #235] (오답 일련번호: #21) Prompt: a pixel art sprite of a pink hot potion bottle with a flask top
============================================================
▶️ Ground Truth Protocol:
16c000 1X 6c000 1c168 2c246 1c168 6c000 1X 5c000 1c146 4c246 1c073 5c000 1X 5c000 1c255 1c173 2c246 1c173 1c146 5c000 1X 5c000 1c255 1c068 2c137 1c068 1c146 5c000 1X 5c000 1c146 3c255 1c218 1c146 5c000 1X 3c000 1c146 1c255 1c069 3c218 1c146 1c069 1c218 1c146 3c000 1X 3c000 2c255 1c250 1c069 3c161 2c133 1c218 3c000 1X 3c000 3c255 1c250 1c242 3c233 1c133 1c218 3c000 1X 3c000 1c218 1c250 1c255 1c250 4c225 1c233 1c218 3c000 1X 3c000 1c146 1c161 1c255 1c242 2c250 1c242 2c233 1c146 3c000 1X 4c000 1c146 1c069 1c218 3c225 1c133 1c146 4c000 1X 4c000 1c146 1c069 1c218 2c225 1c161 1c069 1c146 4c000 1X 4c000 1c146 1c069 1c218 1c161 1c133 2c069 1c146 4c000 1X 4c000 1c073 1c218 2c255 3c218 1c073 4c000 1X 16c000

▶️ Predicted Protocol:
[ Re2 ] [ 16c000 1X ] 6c000 1c168 2c246 1c168 6c000 1X 5c000 1c146 4c246 1c073 5c000 1X 5c000 1c255 1c173 2c246 1c173 1c146 5c000 1X 5c000 1c255 1c068 2c137 1c068 1c146 5c000 1X 5c000 1c146 3c255 1c218 1c146 5c000 1X 3c000 1c146 1c255 1c069 3c218 1c146 1c069 1c218 1c146 3c000 1X 3c000 2c255 1c250 1c069 3c161 2c133 1c218 3c000 1X 3c000 3c255 1c250 1c242 3c233 1c133 1c218 3c000 1X 3c000 1c218 1c250 1c255 1c250 4c225 1c233 1c218 3c000 1X 3c000 1c146 1c161 1c255 1c242 2c250 1c242 1c233 1c069 1c146 3c000 1X 4c000 1c146 1c069 1c218 2c225 1c161 1c069 1c146 4c000 1X 4c000 1c073 1c218 2c255 3c218 1c073 4c000 1X [ Re2 ] [ 16c000 ]

🖼️ [시각 보정 비교]
    [ 정답 (Ground Truth) ]              [ 모델 예측 (Predicted) ]
    ⬛⬛⬛⬛⬛⬛⬛⬛⬛⬛⬛⬛⬛⬛⬛⬛    |    ⬛⬛⬛⬛⬛⬛⬛⬛⬛⬛⬛⬛⬛⬛⬛⬛
    ⬛⬛⬛⬛⬛⬛❓❓❓❓⬛⬛⬛⬛⬛⬛    |    ⬛⬛⬛⬛⬛⬛⬛⬛⬛⬛⬛⬛⬛⬛⬛⬛
    ⬛⬛⬛⬛⬛❓❓❓❓❓❓⬛⬛⬛⬛⬛    |    ⬛⬛⬛⬛⬛❓❓❓❓❓❓⬛⬛⬛⬛⬛
    ⬛⬛⬛⬛⬛⬜❓❓❓❓❓⬛⬛⬛⬛⬛    |    ⬛⬛⬛⬛⬛⬜❓❓❓❓❓⬛⬛⬛⬛⬛
    ⬛⬛⬛⬛⬛⬜❓❓❓❓❓⬛⬛⬛⬛⬛    |    ⬛⬛⬛⬛⬛⬜❓❓❓❓❓⬛⬛⬛⬛⬛
    ⬛⬛⬛⬛⬛❓⬜⬜⬜❓❓⬛⬛⬛⬛⬛    |    ⬛⬛⬛⬛⬛❓⬜⬜⬜❓❓⬛⬛⬛⬛⬛
    ⬛⬛⬛❓⬜❓❓❓❓❓❓❓❓⬛⬛⬛    |    ⬛⬛⬛❓⬜❓❓❓❓❓❓❓❓⬛⬛⬛
    ⬛⬛⬛⬜⬜❓❓❓❓❓❓❓❓⬛⬛⬛    |    ⬛⬛⬛⬜⬜❓❓❓❓❓❓❓❓⬛⬛⬛
    ⬛⬛⬛⬜⬜⬜❓❓❓❓❓❓❓⬛⬛⬛    |    ⬛⬛⬛⬜⬜⬜❓❓❓❓❓❓❓⬛⬛⬛
    ⬛⬛⬛❓❓⬜❓❓❓❓❓❓❓⬛⬛⬛    |    ⬛⬛⬛❓❓⬜❓❓❓❓❓❓❓⬛⬛⬛
    ⬛⬛⬛❓❓⬜❓❓❓❓❓❓❓⬛⬛⬛    |    ⬛⬛⬛❓❓⬜❓❓❓❓❓❓❓⬛⬛⬛
    ⬛⬛⬛⬛❓❓❓❓❓❓❓❓⬛⬛⬛⬛    |    ⬛⬛⬛⬛❓❓❓❓❓❓❓❓⬛⬛⬛⬛
    ⬛⬛⬛⬛❓❓❓❓❓❓❓❓⬛⬛⬛⬛    |    ⬛⬛⬛⬛❓❓⬜⬜❓❓❓❓⬛⬛⬛⬛
    ⬛⬛⬛⬛❓❓❓❓❓❓❓❓⬛⬛⬛⬛    |    ⬛⬛⬛⬛⬛⬛⬛⬛⬛⬛⬛⬛⬛⬛⬛⬛
    ⬛⬛⬛⬛❓❓⬜⬜❓❓❓❓⬛⬛⬛⬛    |    ⬛⬛⬛⬛⬛⬛⬛⬛⬛⬛⬛⬛⬛⬛⬛⬛
    ⬛⬛⬛⬛⬛⬛⬛⬛⬛⬛⬛⬛⬛⬛⬛⬛    |    ⬛⬛⬛⬛⬛⬛⬛⬛⬛⬛⬛⬛⬛⬛⬛⬛


============================================================
🚨 [CASE #442] (오답 일련번호: #41) Prompt: A book with a pink gem
============================================================
▶️ Ground Truth Protocol:
[ Re2 ] [ 16c000 1X ] 3c000 2c219 1c182 4c109 1c182 2c219 3c000 1X 2c000 1c036 1c219 1c068 6c036 1c068 1c219 3c000 1X 2c000 1c068 1c182 1c036 1c073 1c036 1c238 1c226 1c036 1c073 1c036 1c182 3c000 1X 2c000 1c068 1c109 1c036 1c104 1c238 1c219 1c097 1c129 1c104 1c036 1c109 3c000 1X 2c000 1c068 1c109 1c036 1c104 1c226 2c032 1c226 1c104 1c036 1c109 3c000 1X 2c000 1c068 1c109 1c036 1c104 1c129 2c097 1c238 1c104 1c036 1c109 3c000 1X 2c000 1c068 1c182 1c036 1c073 1c036 1c226 1c238 1c036 1c073 1c036 1c182 3c000 1X 2c000 1c068 1c219 1c068 6c036 1c068 1c219 3c000 1X 2c000 1c068 2c219 1c182 4c109 1c182 2c219 3c000 1X 2c000 1c036 2c068 6c104 2c068 3c000 1X 2c000 1c068 1c036 1c213 7c218 4c000 1X 3c000 2c073 6c104 1c073 1c068 3c000 1X [ Re2 ] [ 16c000 ]

▶️ Predicted Protocol:
16c000 1X 3c000 2c245 1c209 5c173 1c209 2c245 2c000 1X 2c000 1c036 1c245 1c068 7c036 1c068 1c245 2c000 1X 2c000 1c068 1c209 1c036 1c073 1c036 1c238 2c226 1c036 1c073 1c036 1c209 2c000 1X 2c000 1c068 1c173 1c036 1c104 1c238 1c219 2c097 1c129 1c104 1c036 1c173 2c000 1X 2c000 1c068 1c173 1c036 1c104 1c226 3c032 1c226 1c104 1c036 1c173 2c000 1X 2c000 1c068 1c173 1c036 1c104 1c129 3c097 1c238 1c104 1c036 1c173 2c000 1X 2c000 1c068 1c173 1c036 1c104 1c036 1c226 2c238 1c036 1c104 1c036 1c173 2c000 1X 2c000 1c068 1c209 1c036 1c073 5c036 1c073 1c036 1c209 2c000 1X 2c000 1c068 1c245 1c068 7c036 1c068 1c245 2c000 1X 2c000 1c068 2c245 1c209 5c173 1c209 2c245 2c000 1X 2c000 1c036 2c068 7c104 2c068 2c000 1X 2c000 1c068 1c036 2c213 7c218 1c036 2c000 1X 2c000 1c068 1c036 1c213 8c218 1c036 2c000 1X 3c000 2c073 7c104 1c073 1c068 2c000 1X 16c000

🖼️ [시각 보정 비교]
    [ 정답 (Ground Truth) ]              [ 모델 예측 (Predicted) ]
    ⬛⬛⬛⬛⬛⬛⬛⬛⬛⬛⬛⬛⬛⬛⬛⬛    |    ⬛⬛⬛⬛⬛⬛⬛⬛⬛⬛⬛⬛⬛⬛⬛⬛
    ⬛⬛⬛⬛⬛⬛⬛⬛⬛⬛⬛⬛⬛⬛⬛⬛    |    ⬛⬛⬛❓❓❓❓❓❓❓❓❓❓❓⬛⬛
    ⬛⬛❓❓❓❓❓❓❓❓❓❓❓⬛⬛⬛    |    ⬛⬛❓❓❓❓❓❓❓❓❓❓❓❓⬛⬛
    ⬛⬛❓❓❓❓❓❓❓❓❓❓❓⬛⬛⬛    |    ⬛⬛❓❓❓❓❓❓❓❓❓❓❓❓⬛⬛
    ⬛⬛❓❓❓❓❓❓❓❓❓❓❓⬛⬛⬛    |    ⬛⬛❓❓❓❓❓❓❓❓❓❓❓❓⬛⬛
    ⬛⬛❓❓❓❓❓❓❓❓❓❓❓⬛⬛⬛    |    ⬛⬛❓❓❓❓❓❓❓❓❓❓❓❓⬛⬛
    ⬛⬛❓❓❓❓❓❓❓❓❓❓❓⬛⬛⬛    |    ⬛⬛❓❓❓❓❓❓❓❓❓❓❓❓⬛⬛
    ⬛⬛❓❓❓❓❓❓❓❓❓❓❓⬛⬛⬛    |    ⬛⬛❓❓❓❓❓❓❓❓❓❓❓❓⬛⬛
    ⬛⬛❓❓❓❓❓❓❓❓❓❓❓⬛⬛⬛    |    ⬛⬛❓❓❓❓❓❓❓❓❓❓❓❓⬛⬛
    ⬛⬛❓❓❓❓❓❓❓❓❓❓❓⬛⬛⬛    |    ⬛⬛❓❓❓❓❓❓❓❓❓❓❓❓⬛⬛
    ⬛⬛❓❓❓❓❓❓❓❓❓❓❓⬛⬛⬛    |    ⬛⬛❓❓❓❓❓❓❓❓❓❓❓❓⬛⬛
    ⬛⬛❓❓❓❓❓❓❓❓❓❓⬛⬛⬛⬛    |    ⬛⬛❓❓❓❓❓❓❓❓❓❓❓❓⬛⬛
    ⬛⬛⬛❓❓❓❓❓❓❓❓❓❓⬛⬛⬛    |    ⬛⬛❓❓❓❓❓❓❓❓❓❓❓❓⬛⬛
    ⬛⬛⬛⬛⬛⬛⬛⬛⬛⬛⬛⬛⬛⬛⬛⬛    |    ⬛⬛❓❓❓❓❓❓❓❓❓❓❓❓⬛⬛
    ⬛⬛⬛⬛⬛⬛⬛⬛⬛⬛⬛⬛⬛⬛⬛⬛    |    ⬛⬛⬛❓❓❓❓❓❓❓❓❓❓❓⬛⬛
    ⬛⬛⬛⬛⬛⬛⬛⬛⬛⬛⬛⬛⬛⬛⬛⬛    |    ⬛⬛⬛⬛⬛⬛⬛⬛⬛⬛⬛⬛⬛⬛⬛⬛


============================================================
🚨 [CASE #685] (오답 일련번호: #61) Prompt: Pixel art  book basic
============================================================
▶️ Ground Truth Protocol:
[ Re2 ] [ 16c000 1X ] 3c000 2c245 1c209 4c173 1c209 2c245 3c000 1X 2c000 1c036 1c245 1c068 6c036 1c068 1c245 3c000 1X 2c000 1c068 1c209 1c036 1c073 1c064 1c244 1c232 1c064 1c073 1c036 1c209 3c000 1X 2c000 1c068 1c173 1c036 1c104 1c244 1c255 1c096 1c128 1c104 1c036 1c173 3c000 1X 2c000 1c068 1c173 1c036 1c104 1c232 2c064 1c232 1c104 1c036 1c173 3c000 1X 2c000 1c068 1c173 1c036 1c104 1c128 2c096 1c244 1c104 1c036 1c173 3c000 1X 2c000 1c068 1c209 1c036 1c073 1c064 1c232 1c244 1c064 1c073 1c036 1c209 3c000 1X 2c000 1c068 1c245 1c068 6c036 1c068 1c245 3c000 1X 2c000 1c068 2c245 1c209 4c173 1c209 2c245 3c000 1X 2c000 1c036 2c068 6c104 2c068 3c000 1X 2c000 1c068 1c036 1c213 7c218 4c000 1X 3c000 2c073 6c104 1c073 1c068 3c000 1X [ Re2 ] [ 16c000 ]

▶️ Predicted Protocol:
[ Re2 ] [ 16c000 1X ] 3c000 2c219 1c182 4c109 1c182 2c219 3c000 1X 2c000 1c036 1c219 1c068 6c036 1c068 1c219 3c000 1X 2c000 1c068 1c182 1c036 1c073 1c064 1c244 1c232 1c064 1c073 1c036 1c182 3c000 1X 2c000 1c068 1c109 1c036 1c104 1c244 1c255 1c096 1c128 1c104 1c036 1c109 3c000 1X 2c000 1c068 1c109 1c036 1c104 1c232 2c064 1c232 1c104 1c036 1c109 3c000 1X 2c000 1c068 1c109 1c036 1c104 1c128 2c096 1c244 1c104 1c036 1c109 3c000 1X 2c000 1c068 1c182 1c036 1c073 1c064 1c232 1c244 1c064 1c073 1c036 1c182 3c000 1X 2c000 1c068 1c219 1c068 6c036 1c068 1c219 3c000 1X 2c000 1c068 2c219 1c182 4c109 1c182 2c219 3c000 1X 2c000 1c036 2c068 6c104 2c068 3c000 1X 2c000 1c068 1c036 1c213 7c218 4c000 1X 3c000 2c073 6c104 1c073 1c068 3c000 1X [ Re2 ] [ 16c000 ]

🖼️ [시각 보정 비교]
    [ 정답 (Ground Truth) ]              [ 모델 예측 (Predicted) ]
    ⬛⬛⬛⬛⬛⬛⬛⬛⬛⬛⬛⬛⬛⬛⬛⬛    |    ⬛⬛⬛⬛⬛⬛⬛⬛⬛⬛⬛⬛⬛⬛⬛⬛
    ⬛⬛⬛⬛⬛⬛⬛⬛⬛⬛⬛⬛⬛⬛⬛⬛    |    ⬛⬛⬛⬛⬛⬛⬛⬛⬛⬛⬛⬛⬛⬛⬛⬛
    ⬛⬛❓❓❓❓❓❓❓❓❓❓❓⬛⬛⬛    |    ⬛⬛❓❓❓❓❓❓❓❓❓❓❓⬛⬛⬛
    ⬛⬛❓❓❓❓❓❓❓❓❓❓❓⬛⬛⬛    |    ⬛⬛❓❓❓❓❓❓❓❓❓❓❓⬛⬛⬛
    ⬛⬛❓❓❓❓❓⬜❓❓❓❓❓⬛⬛⬛    |    ⬛⬛❓❓❓❓❓⬜❓❓❓❓❓⬛⬛⬛
    ⬛⬛❓❓❓❓❓❓❓❓❓❓❓⬛⬛⬛    |    ⬛⬛❓❓❓❓❓❓❓❓❓❓❓⬛⬛⬛
    ⬛⬛❓❓❓❓❓❓❓❓❓❓❓⬛⬛⬛    |    ⬛⬛❓❓❓❓❓❓❓❓❓❓❓⬛⬛⬛
    ⬛⬛❓❓❓❓❓❓❓❓❓❓❓⬛⬛⬛    |    ⬛⬛❓❓❓❓❓❓❓❓❓❓❓⬛⬛⬛
    ⬛⬛❓❓❓❓❓❓❓❓❓❓❓⬛⬛⬛    |    ⬛⬛❓❓❓❓❓❓❓❓❓❓❓⬛⬛⬛
    ⬛⬛❓❓❓❓❓❓❓❓❓❓❓⬛⬛⬛    |    ⬛⬛❓❓❓❓❓❓❓❓❓❓❓⬛⬛⬛
    ⬛⬛❓❓❓❓❓❓❓❓❓❓❓⬛⬛⬛    |    ⬛⬛❓❓❓❓❓❓❓❓❓❓❓⬛⬛⬛
    ⬛⬛❓❓❓❓❓❓❓❓❓❓⬛⬛⬛⬛    |    ⬛⬛❓❓❓❓❓❓❓❓❓❓⬛⬛⬛⬛
    ⬛⬛⬛❓❓❓❓❓❓❓❓❓❓⬛⬛⬛    |    ⬛⬛⬛❓❓❓❓❓❓❓❓❓❓⬛⬛⬛
    ⬛⬛⬛⬛⬛⬛⬛⬛⬛⬛⬛⬛⬛⬛⬛⬛    |    ⬛⬛⬛⬛⬛⬛⬛⬛⬛⬛⬛⬛⬛⬛⬛⬛
    ⬛⬛⬛⬛⬛⬛⬛⬛⬛⬛⬛⬛⬛⬛⬛⬛    |    ⬛⬛⬛⬛⬛⬛⬛⬛⬛⬛⬛⬛⬛⬛⬛⬛
    ⬛⬛⬛⬛⬛⬛⬛⬛⬛⬛⬛⬛⬛⬛⬛⬛    |    ⬛⬛⬛⬛⬛⬛⬛⬛⬛⬛⬛⬛⬛⬛⬛⬛


============================================================
🚨 [CASE #1072] (오답 일련번호: #81) Prompt: dark gray book basic
============================================================
▶️ Ground Truth Protocol:
16c000 1X 3c000 2c245 1c209 5c173 1c209 2c245 2c000 1X 2c000 1c036 1c245 1c068 7c036 1c068 1c245 2c000 1X 2c000 1c068 1c209 1c036 1c073 1c037 1c182 2c073 1c037 1c073 1c036 1c209 2c000 1X 2c000 1c068 1c173 1c036 1c104 1c182 1c219 2c037 1c073 1c104 1c036 1c173 2c000 1X 2c000 1c068 1c173 1c036 1c104 1c109 3c037 1c109 1c104 1c036 1c173 2c000 1X 2c000 1c068 1c173 1c036 1c104 1c073 3c037 1c182 1c104 1c036 1c173 2c000 1X 2c000 1c068 1c173 1c036 1c104 1c037 1c109 2c182 1c037 1c104 1c036 1c173 2c000 1X 2c000 1c068 1c209 1c036 1c073 5c036 1c073 1c036 1c209 2c000 1X 2c000 1c068 1c245 1c068 7c036 1c068 1c245 2c000 1X 2c000 1c068 2c245 1c209 5c173 1c209 2c245 2c000 1X 2c000 1c036 2c068 7c104 2c068 2c000 1X 2c000 1c068 1c036 1c213 8c218 1c036 2c000 1X 3c000 2c073 7c104 1c073 1c068 2c000 1X [ Re2 ] [ 16c000 ]

▶️ Predicted Protocol:
16c000 1X 3c000 2c245 1c209 4c173 1c209 2c245 3c000 1X 2c000 1c036 1c245 1c068 6c036 1c068 1c245 3c000 1X 2c000 1c068 1c209 1c036 1c073 1c037 1c182 1c073 1c037 1c073 1c036 1c209 3c000 1X 2c000 1c068 1c173 1c036 1c104 1c182 1c219 1c037 1c073 1c104 1c036 1c173 3c000 1X 2c000 1c068 1c173 1c036 1c104 1c109 2c037 1c109 1c104 1c036 1c173 3c000 1X 2c000 1c068 1c173 1c036 1c104 1c073 2c037 1c182 1c104 1c036 1c173 3c000 1X 2c000 1c068 1c173 1c036 1c104 1c037 1c109 1c182 1c037 1c104 1c036 1c173 3c000 1X 2c000 1c068 1c209 1c036 1c073 4c036 1c073 1c036 1c209 3c000 1X 2c000 1c068 1c245 1c068 6c036 1c068 1c245 3c000 1X 2c000 1c068 2c245 1c209 4c173 1c209 2c245 3c000 1X 2c000 1c036 2c068 6c104 2c068 3c000 1X 2c000 1c068 1c036 1c213 7c218 1c036 3c000 1X 3c000 2c073 6c104 1c073 1c068 3c000 1X [ Re2 ] [ 16c000 ]

🖼️ [시각 보정 비교]
    [ 정답 (Ground Truth) ]              [ 모델 예측 (Predicted) ]
    ⬛⬛⬛⬛⬛⬛⬛⬛⬛⬛⬛⬛⬛⬛⬛⬛    |    ⬛⬛⬛⬛⬛⬛⬛⬛⬛⬛⬛⬛⬛⬛⬛⬛
    ⬛⬛⬛❓❓❓❓❓❓❓❓❓❓❓⬛⬛    |    ⬛⬛⬛❓❓❓❓❓❓❓❓❓❓⬛⬛⬛
    ⬛⬛❓❓❓❓❓❓❓❓❓❓❓❓⬛⬛    |    ⬛⬛❓❓❓❓❓❓❓❓❓❓❓⬛⬛⬛
    ⬛⬛❓❓❓❓❓❓❓❓❓❓❓❓⬛⬛    |    ⬛⬛❓❓❓❓❓❓❓❓❓❓❓⬛⬛⬛
    ⬛⬛❓❓❓❓❓❓❓❓❓❓❓❓⬛⬛    |    ⬛⬛❓❓❓❓❓❓❓❓❓❓❓⬛⬛⬛
    ⬛⬛❓❓❓❓❓❓❓❓❓❓❓❓⬛⬛    |    ⬛⬛❓❓❓❓❓❓❓❓❓❓❓⬛⬛⬛
    ⬛⬛❓❓❓❓❓❓❓❓❓❓❓❓⬛⬛    |    ⬛⬛❓❓❓❓❓❓❓❓❓❓❓⬛⬛⬛
    ⬛⬛❓❓❓❓❓❓❓❓❓❓❓❓⬛⬛    |    ⬛⬛❓❓❓❓❓❓❓❓❓❓❓⬛⬛⬛
    ⬛⬛❓❓❓❓❓❓❓❓❓❓❓❓⬛⬛    |    ⬛⬛❓❓❓❓❓❓❓❓❓❓❓⬛⬛⬛
    ⬛⬛❓❓❓❓❓❓❓❓❓❓❓❓⬛⬛    |    ⬛⬛❓❓❓❓❓❓❓❓❓❓❓⬛⬛⬛
    ⬛⬛❓❓❓❓❓❓❓❓❓❓❓❓⬛⬛    |    ⬛⬛❓❓❓❓❓❓❓❓❓❓❓⬛⬛⬛
    ⬛⬛❓❓❓❓❓❓❓❓❓❓❓❓⬛⬛    |    ⬛⬛❓❓❓❓❓❓❓❓❓❓❓⬛⬛⬛
    ⬛⬛❓❓❓❓❓❓❓❓❓❓❓❓⬛⬛    |    ⬛⬛❓❓❓❓❓❓❓❓❓❓❓⬛⬛⬛
    ⬛⬛⬛❓❓❓❓❓❓❓❓❓❓❓⬛⬛    |    ⬛⬛⬛❓❓❓❓❓❓❓❓❓❓⬛⬛⬛
    ⬛⬛⬛⬛⬛⬛⬛⬛⬛⬛⬛⬛⬛⬛⬛⬛    |    ⬛⬛⬛⬛⬛⬛⬛⬛⬛⬛⬛⬛⬛⬛⬛⬛
    ⬛⬛⬛⬛⬛⬛⬛⬛⬛⬛⬛⬛⬛⬛⬛⬛    |    ⬛⬛⬛⬛⬛⬛⬛⬛⬛⬛⬛⬛⬛⬛⬛⬛


============================================================
🚨 [CASE #1304] (오답 일련번호: #101) Prompt: Red book basic
============================================================
▶️ Ground Truth Protocol:
16c000 1X 3c000 2c245 1c209 4c173 1c209 2c245 3c000 1X 2c000 1c036 1c245 1c068 6c036 1c068 1c245 3c000 1X 2c000 1c068 1c209 1c036 1c073 1c064 1c237 1c128 1c064 1c073 1c036 1c209 3c000 1X 2c000 1c068 1c173 1c036 1c104 1c237 1c255 1c064 1c128 1c104 1c036 1c173 3c000 1X 2c000 1c068 1c173 1c036 1c104 1c192 2c064 1c192 1c104 1c036 1c173 3c000 1X 2c000 1c068 1c173 1c036 1c104 1c128 2c064 1c237 1c104 1c036 1c173 3c000 1X 2c000 1c068 1c173 1c036 1c104 1c064 1c192 1c237 1c064 1c104 1c036 1c173 3c000 1X 2c000 1c068 1c209 1c036 1c073 4c036 1c073 1c036 1c209 3c000 1X 2c000 1c068 1c245 1c068 6c036 1c068 1c245 3c000 1X 2c000 1c068 2c245 1c209 4c173 1c209 2c245 3c000 1X 2c000 1c036 2c068 6c104 2c068 3c000 1X 2c000 1c068 1c036 1c213 7c218 1c036 3c000 1X 3c000 2c073 6c104 1c073 1c068 3c000 1X [ Re2 ] [ 16c000 ]

▶️ Predicted Protocol:
16c000 1X 3c000 2c219 1c182 4c109 1c182 2c219 3c000 1X 2c000 1c036 1c219 1c068 6c036 1c068 1c219 3c000 1X 2c000 1c068 1c182 1c036 1c073 1c064 1c237 1c128 1c064 1c073 1c036 1c182 3c000 1X 2c000 1c068 1c109 1c036 1c104 1c237 1c255 1c064 1c128 1c104 1c036 1c109 3c000 1X 2c000 1c068 1c109 1c036 1c104 1c192 2c064 1c192 1c104 1c036 1c109 3c000 1X 2c000 1c068 1c109 1c036 1c104 1c128 2c064 1c237 1c104 1c036 1c109 3c000 1X 2c000 1c068 1c109 1c036 1c104 1c064 1c192 1c237 1c064 1c104 1c036 1c109 3c000 1X 2c000 1c068 1c182 1c036 1c073 4c036 1c073 1c036 1c182 3c000 1X 2c000 1c068 1c219 1c068 6c036 1c068 1c219 3c000 1X 2c000 1c068 2c219 1c182 4c109 1c182 2c219 3c000 1X 2c000 1c036 2c068 6c104 2c068 3c000 1X 2c000 1c068 1c036 2c213 6c218 1c036 3c000 1X 2c000 1c068 1c036 1c213 7c218 1c036 3c000 1X 3c000 2c073 6c104 1c073 1c068 3c000 1X 16c000

🖼️ [시각 보정 비교]
    [ 정답 (Ground Truth) ]              [ 모델 예측 (Predicted) ]
    ⬛⬛⬛⬛⬛⬛⬛⬛⬛⬛⬛⬛⬛⬛⬛⬛    |    ⬛⬛⬛⬛⬛⬛⬛⬛⬛⬛⬛⬛⬛⬛⬛⬛
    ⬛⬛⬛❓❓❓❓❓❓❓❓❓❓⬛⬛⬛    |    ⬛⬛⬛❓❓❓❓❓❓❓❓❓❓⬛⬛⬛
    ⬛⬛❓❓❓❓❓❓❓❓❓❓❓⬛⬛⬛    |    ⬛⬛❓❓❓❓❓❓❓❓❓❓❓⬛⬛⬛
    ⬛⬛❓❓❓❓❓❓❓❓❓❓❓⬛⬛⬛    |    ⬛⬛❓❓❓❓❓❓❓❓❓❓❓⬛⬛⬛
    ⬛⬛❓❓❓❓❓⬜❓❓❓❓❓⬛⬛⬛    |    ⬛⬛❓❓❓❓❓⬜❓❓❓❓❓⬛⬛⬛
    ⬛⬛❓❓❓❓❓❓❓❓❓❓❓⬛⬛⬛    |    ⬛⬛❓❓❓❓❓❓❓❓❓❓❓⬛⬛⬛
    ⬛⬛❓❓❓❓❓❓❓❓❓❓❓⬛⬛⬛    |    ⬛⬛❓❓❓❓❓❓❓❓❓❓❓⬛⬛⬛
    ⬛⬛❓❓❓❓❓❓❓❓❓❓❓⬛⬛⬛    |    ⬛⬛❓❓❓❓❓❓❓❓❓❓❓⬛⬛⬛
    ⬛⬛❓❓❓❓❓❓❓❓❓❓❓⬛⬛⬛    |    ⬛⬛❓❓❓❓❓❓❓❓❓❓❓⬛⬛⬛
    ⬛⬛❓❓❓❓❓❓❓❓❓❓❓⬛⬛⬛    |    ⬛⬛❓❓❓❓❓❓❓❓❓❓❓⬛⬛⬛
    ⬛⬛❓❓❓❓❓❓❓❓❓❓❓⬛⬛⬛    |    ⬛⬛❓❓❓❓❓❓❓❓❓❓❓⬛⬛⬛
    ⬛⬛❓❓❓❓❓❓❓❓❓❓❓⬛⬛⬛    |    ⬛⬛❓❓❓❓❓❓❓❓❓❓❓⬛⬛⬛
    ⬛⬛❓❓❓❓❓❓❓❓❓❓❓⬛⬛⬛    |    ⬛⬛❓❓❓❓❓❓❓❓❓❓❓⬛⬛⬛
    ⬛⬛⬛❓❓❓❓❓❓❓❓❓❓⬛⬛⬛    |    ⬛⬛❓❓❓❓❓❓❓❓❓❓❓⬛⬛⬛
    ⬛⬛⬛⬛⬛⬛⬛⬛⬛⬛⬛⬛⬛⬛⬛⬛    |    ⬛⬛⬛❓❓❓❓❓❓❓❓❓❓⬛⬛⬛
    ⬛⬛⬛⬛⬛⬛⬛⬛⬛⬛⬛⬛⬛⬛⬛⬛    |    ⬛⬛⬛⬛⬛⬛⬛⬛⬛⬛⬛⬛⬛⬛⬛⬛


============================================================
🚨 [CASE #1632] (오답 일련번호: #121) Prompt: drak green potion flask
============================================================
▶️ Ground Truth Protocol:
16c000 1X 6c000 1c137 2c214 1c137 6c000 1X 5c000 1c146 4c214 1c073 5c000 1X 5c000 1c255 1c173 2c214 1c173 1c146 5c000 1X 5c000 1c255 1c068 2c137 1c068 1c146 5c000 1X 5c000 1c146 3c255 1c218 1c146 5c000 1X 3c000 1c146 1c255 1c040 3c218 1c146 1c040 1c218 1c146 3c000 1X 3c000 2c255 1c222 1c040 4c076 2c218 3c000 1X 3c000 3c255 1c222 1c216 3c148 1c076 1c218 3c000 1X 3c000 1c218 1c222 1c255 1c222 4c112 1c148 1c218 3c000 1X 3c000 1c146 1c076 1c255 1c216 2c248 1c216 1c148 1c076 1c146 3c000 1X 4c000 1c146 1c040 1c218 3c112 1c076 1c146 4c000 1X 4c000 1c146 1c040 1c218 2c112 1c076 1c040 1c146 4c000 1X 5c000 1c146 1c218 1c076 2c040 1c146 5c000 1X 5c000 1c073 1c146 2c255 1c146 1c073 5c000 1X 16c000

▶️ Predicted Protocol:
16c000 1X 6c000 1c137 2c214 1c137 6c000 1X 5c000 1c146 4c214 1c073 5c000 1X 5c000 1c255 1c173 2c214 1c173 1c146 5c000 1X 5c000 1c255 1c068 2c137 1c068 1c146 5c000 1X 5c000 1c146 3c255 1c218 1c146 5c000 1X 3c000 1c146 1c255 1c040 3c218 1c146 1c040 1c218 1c146 3c000 1X 3c000 2c255 1c222 1c040 4c076 2c218 3c000 1X 3c000 3c255 1c222 1c216 3c148 1c076 1c218 3c000 1X 3c000 1c218 1c222 1c255 1c222 4c112 1c148 1c218 3c000 1X 3c000 1c146 1c076 1c255 1c216 2c248 1c216 2c148 1c146 3c000 1X 4c000 1c146 1c040 1c218 3c112 1c076 1c146 4c000 1X 4c000 1c146 1c040 1c218 2c112 1c076 1c040 1c146 4c000 1X 4c000 1c146 1c040 1c218 2c076 2c040 1c146 4c000 1X 4c000 1c073 1c218 2c255 3c218 1c073 4c000 1X 16c000

🖼️ [시각 보정 비교]
    [ 정답 (Ground Truth) ]              [ 모델 예측 (Predicted) ]
    ⬛⬛⬛⬛⬛⬛⬛⬛⬛⬛⬛⬛⬛⬛⬛⬛    |    ⬛⬛⬛⬛⬛⬛⬛⬛⬛⬛⬛⬛⬛⬛⬛⬛
    ⬛⬛⬛⬛⬛⬛❓❓❓❓⬛⬛⬛⬛⬛⬛    |    ⬛⬛⬛⬛⬛⬛❓❓❓❓⬛⬛⬛⬛⬛⬛
    ⬛⬛⬛⬛⬛❓❓❓❓❓❓⬛⬛⬛⬛⬛    |    ⬛⬛⬛⬛⬛❓❓❓❓❓❓⬛⬛⬛⬛⬛
    ⬛⬛⬛⬛⬛⬜❓❓❓❓❓⬛⬛⬛⬛⬛    |    ⬛⬛⬛⬛⬛⬜❓❓❓❓❓⬛⬛⬛⬛⬛
    ⬛⬛⬛⬛⬛⬜❓❓❓❓❓⬛⬛⬛⬛⬛    |    ⬛⬛⬛⬛⬛⬜❓❓❓❓❓⬛⬛⬛⬛⬛
    ⬛⬛⬛⬛⬛❓⬜⬜⬜❓❓⬛⬛⬛⬛⬛    |    ⬛⬛⬛⬛⬛❓⬜⬜⬜❓❓⬛⬛⬛⬛⬛
    ⬛⬛⬛❓⬜❓❓❓❓❓❓❓❓⬛⬛⬛    |    ⬛⬛⬛❓⬜❓❓❓❓❓❓❓❓⬛⬛⬛
    ⬛⬛⬛⬜⬜❓❓❓❓❓❓❓❓⬛⬛⬛    |    ⬛⬛⬛⬜⬜❓❓❓❓❓❓❓❓⬛⬛⬛
    ⬛⬛⬛⬜⬜⬜❓❓❓❓❓❓❓⬛⬛⬛    |    ⬛⬛⬛⬜⬜⬜❓❓❓❓❓❓❓⬛⬛⬛
    ⬛⬛⬛❓❓⬜❓❓❓❓❓❓❓⬛⬛⬛    |    ⬛⬛⬛❓❓⬜❓❓❓❓❓❓❓⬛⬛⬛
    ⬛⬛⬛❓❓⬜❓🟨🟨❓❓❓❓⬛⬛⬛    |    ⬛⬛⬛❓❓⬜❓🟨🟨❓❓❓❓⬛⬛⬛
    ⬛⬛⬛⬛❓❓❓❓❓❓❓❓⬛⬛⬛⬛    |    ⬛⬛⬛⬛❓❓❓❓❓❓❓❓⬛⬛⬛⬛
    ⬛⬛⬛⬛❓❓❓❓❓❓❓❓⬛⬛⬛⬛    |    ⬛⬛⬛⬛❓❓❓❓❓❓❓❓⬛⬛⬛⬛
    ⬛⬛⬛⬛⬛❓❓❓❓❓❓⬛⬛⬛⬛⬛    |    ⬛⬛⬛⬛❓❓❓❓❓❓❓❓⬛⬛⬛⬛
    ⬛⬛⬛⬛⬛❓❓⬜⬜❓❓⬛⬛⬛⬛⬛    |    ⬛⬛⬛⬛❓❓⬜⬜❓❓❓❓⬛⬛⬛⬛
    ⬛⬛⬛⬛⬛⬛⬛⬛⬛⬛⬛⬛⬛⬛⬛⬛    |    ⬛⬛⬛⬛⬛⬛⬛⬛⬛⬛⬛⬛⬛⬛⬛⬛


============================================================
🚨 [CASE #1872] (오답 일련번호: #141) Prompt: A pixel art of an enchanted green magical book
============================================================
▶️ Ground Truth Protocol:
[ Re2 ] [ 16c000 1X ] 3c000 2c249 1c244 4c172 1c244 2c249 3c000 1X 2c000 1c036 1c249 1c068 6c036 1c068 1c249 3c000 1X 2c000 1c068 1c244 1c036 1c073 1c036 1c157 1c013 1c036 1c073 1c036 1c244 3c000 1X 2c000 1c068 1c172 1c036 1c104 1c157 1c219 1c008 1c009 1c104 1c036 1c172 3c000 1X 2c000 1c068 1c172 1c036 1c104 1c013 2c004 1c013 1c104 1c036 1c172 3c000 1X 2c000 1c068 1c172 1c036 1c104 1c009 2c008 1c157 1c104 1c036 1c172 3c000 1X 2c000 1c068 1c244 1c036 1c073 1c036 1c013 1c157 1c036 1c073 1c036 1c244 3c000 1X 2c000 1c068 1c249 1c068 6c036 1c068 1c249 3c000 1X 2c000 1c068 2c249 1c244 4c172 1c244 2c249 3c000 1X 2c000 1c036 2c068 6c104 2c068 3c000 1X 2c000 1c068 1c036 1c213 7c218 4c000 1X 3c000 2c073 6c104 1c073 1c068 3c000 1X [ Re2 ] [ 16c000 ]

▶️ Predicted Protocol:
16c000 1X 3c000 2c249 1c244 4c172 1c244 2c249 3c000 1X 2c000 1c036 1c249 1c068 6c036 1c068 1c249 3c000 1X 2c000 1c068 1c244 1c036 1c073 1c036 1c157 1c013 1c036 1c073 1c036 1c244 3c000 1X 2c000 1c068 1c172 1c036 1c104 1c157 1c219 1c008 1c009 1c104 1c036 1c172 3c000 1X 2c000 1c068 1c172 1c036 1c104 1c013 2c004 1c013 1c104 1c036 1c172 3c000 1X 2c000 1c068 1c172 1c036 1c104 1c009 2c008 1c157 1c104 1c036 1c172 3c000 1X 2c000 1c068 1c172 1c036 1c104 1c036 1c013 1c157 1c036 1c104 1c036 1c172 3c000 1X 2c000 1c068 1c244 1c036 1c073 4c036 1c073 1c036 1c244 3c000 1X 2c000 1c068 1c249 1c068 6c036 1c068 1c249 3c000 1X 2c000 1c068 2c249 1c244 4c172 1c244 2c249 3c000 1X 2c000 1c036 2c068 6c104 2c068 3c000 1X 2c000 1c068 1c036 1c213 7c218 1c036 3c000 1X 3c000 2c073 6c104 1c073 1c068 3c000 1X [ Re2 ] [ 16c000 ]

🖼️ [시각 보정 비교]
    [ 정답 (Ground Truth) ]              [ 모델 예측 (Predicted) ]
    ⬛⬛⬛⬛⬛⬛⬛⬛⬛⬛⬛⬛⬛⬛⬛⬛    |    ⬛⬛⬛⬛⬛⬛⬛⬛⬛⬛⬛⬛⬛⬛⬛⬛
    ⬛⬛⬛⬛⬛⬛⬛⬛⬛⬛⬛⬛⬛⬛⬛⬛    |    ⬛⬛⬛❓❓❓❓❓❓❓❓❓❓⬛⬛⬛
    ⬛⬛❓❓❓❓❓❓❓❓❓❓❓⬛⬛⬛    |    ⬛⬛❓❓❓❓❓❓❓❓❓❓❓⬛⬛⬛
    ⬛⬛❓❓❓❓❓❓❓❓❓❓❓⬛⬛⬛    |    ⬛⬛❓❓❓❓❓❓❓❓❓❓❓⬛⬛⬛
    ⬛⬛❓❓❓❓❓❓❓❓❓❓❓⬛⬛⬛    |    ⬛⬛❓❓❓❓❓❓❓❓❓❓❓⬛⬛⬛
    ⬛⬛❓❓❓❓❓❓❓❓❓❓❓⬛⬛⬛    |    ⬛⬛❓❓❓❓❓❓❓❓❓❓❓⬛⬛⬛
    ⬛⬛❓❓❓❓❓❓❓❓❓❓❓⬛⬛⬛    |    ⬛⬛❓❓❓❓❓❓❓❓❓❓❓⬛⬛⬛
    ⬛⬛❓❓❓❓❓❓❓❓❓❓❓⬛⬛⬛    |    ⬛⬛❓❓❓❓❓❓❓❓❓❓❓⬛⬛⬛
    ⬛⬛❓❓❓❓❓❓❓❓❓❓❓⬛⬛⬛    |    ⬛⬛❓❓❓❓❓❓❓❓❓❓❓⬛⬛⬛
    ⬛⬛❓❓❓❓❓❓❓❓❓❓❓⬛⬛⬛    |    ⬛⬛❓❓❓❓❓❓❓❓❓❓❓⬛⬛⬛
    ⬛⬛❓❓❓❓❓❓❓❓❓❓❓⬛⬛⬛    |    ⬛⬛❓❓❓❓❓❓❓❓❓❓❓⬛⬛⬛
    ⬛⬛❓❓❓❓❓❓❓❓❓❓⬛⬛⬛⬛    |    ⬛⬛❓❓❓❓❓❓❓❓❓❓❓⬛⬛⬛
    ⬛⬛⬛❓❓❓❓❓❓❓❓❓❓⬛⬛⬛    |    ⬛⬛❓❓❓❓❓❓❓❓❓❓❓⬛⬛⬛
    ⬛⬛⬛⬛⬛⬛⬛⬛⬛⬛⬛⬛⬛⬛⬛⬛    |    ⬛⬛⬛❓❓❓❓❓❓❓❓❓❓⬛⬛⬛
    ⬛⬛⬛⬛⬛⬛⬛⬛⬛⬛⬛⬛⬛⬛⬛⬛    |    ⬛⬛⬛⬛⬛⬛⬛⬛⬛⬛⬛⬛⬛⬛⬛⬛
    ⬛⬛⬛⬛⬛⬛⬛⬛⬛⬛⬛⬛⬛⬛⬛⬛    |    ⬛⬛⬛⬛⬛⬛⬛⬛⬛⬛⬛⬛⬛⬛⬛⬛


[2026-07-05 09:55:04] [INFO] ============================================================
[2026-07-05 09:55:04] [INFO] 🏆 [최종 성적표] TRANSFORMER TEST EVALUATION REPORT
[2026-07-05 09:55:04] [INFO]  ├─ 평가 대상 파일: dataset_history/pixel_test_v11.jsonl
[2026-07-05 09:55:04] [INFO]  ├─ 총 테스트 문제: 2019 개
[2026-07-05 09:55:04] [INFO]  ├─ 완벽 복원 성공: 1868 개
[2026-07-05 09:55:04] [INFO]  ├─ ❌ 총 오답 수: 151 개
[2026-07-05 09:55:04] [INFO]  └─ 🎯 최종 정확도 (Accuracy): 92.52%
[2026-07-05 09:55:04] [INFO] ============================================================
[2026-07-05 09:55:04] [INFO] [✓] 테스트 로그 저장 완료: logs/evaluate/20260705_095459.log
[2026-07-05 09:55:04] [INFO] [🔥] 시각화 오답 노트(20포인트 샘플링) 저장 완료: logs/evaluate/20260705_095459.log
