[2026-07-03 20:39:52] [INFO] ============================================================
[2026-07-03 20:39:52] [INFO] 🛰️  PIXEL-ART CORE TRAINING PIPELINE
[2026-07-03 20:39:52] [INFO] ============================================================
[2026-07-03 20:39:52] [INFO] [*] ⚙️  [1/6] 개발 환경 내 필수 패키지 검사 중...
[2026-07-03 20:39:53] [INFO]  [✓] torch 라이브러리가 준비되어 있습니다.
[2026-07-03 20:39:53] [INFO]  [✓] tokenizers 라이브러리가 준비되어 있습니다.
[2026-07-03 20:39:54] [INFO]  [✓] scikit-learn 라이브러리가 준비되어 있습니다.
[2026-07-03 20:39:54] [INFO] ------------------------------------------------------------
[2026-07-03 20:39:54] [INFO] ============================================================
[2026-07-03 20:39:54] [INFO] 🛰️  [PIXEL-ART ENGINE CONFIG] ACTIVE VERSION MANAGEMENT
[2026-07-03 20:39:54] [INFO]  ├─ Dataset Version  : v7
[2026-07-03 20:39:54] [INFO]  ├─ BPE Version      : v7
[2026-07-03 20:39:54] [INFO]  └─ Model Version    : v11
[2026-07-03 20:39:54] [INFO] ------------------------------------------------------------
[2026-07-03 20:39:54] [INFO]  📝 [Source Train]   : pixel_train_v7.jsonl
[2026-07-03 20:39:54] [INFO]  📝 [Source Val]     : pixel_val_v7.jsonl
[2026-07-03 20:39:54] [INFO]  📝 [Source Test]    : pixel_test_v7.jsonl
[2026-07-03 20:39:54] [INFO]  💾 [Target Weights] : pixel_model_v11.pt
[2026-07-03 20:39:54] [INFO] ============================================================

[2026-07-03 20:39:54] [INFO] 
🎬 [2/6] multitask_dataset_bulder.py 가동 중...
[2026-07-03 20:39:54] [ERROR] 
[❌ 중단] multitask_dataset_bulder.py 실행 중 에러 발생.
