[2026-07-03 22:47:46] [INFO] Processing: 100/1668 | Accum. Acc: 100.0%
[2026-07-03 22:47:46] [INFO] Processing: 200/1668 | Accum. Acc: 100.0%
[2026-07-03 22:47:46] [INFO] Processing: 300/1668 | Accum. Acc: 100.0%
[2026-07-03 22:47:46] [INFO] Processing: 400/1668 | Accum. Acc: 100.0%
[2026-07-03 22:47:47] [INFO] Processing: 500/1668 | Accum. Acc: 100.0%
[2026-07-03 22:47:47] [INFO] Processing: 600/1668 | Accum. Acc: 100.0%
[2026-07-03 22:47:47] [INFO] Processing: 700/1668 | Accum. Acc: 100.0%
[2026-07-03 22:47:47] [INFO] Processing: 800/1668 | Accum. Acc: 100.0%
[2026-07-03 22:47:47] [INFO] Processing: 900/1668 | Accum. Acc: 100.0%
[2026-07-03 22:47:48] [INFO] Processing: 1000/1668 | Accum. Acc: 100.0%
[2026-07-03 22:47:48] [INFO] Processing: 1100/1668 | Accum. Acc: 100.0%
[2026-07-03 22:47:48] [INFO] Processing: 1200/1668 | Accum. Acc: 100.0%
[2026-07-03 22:47:48] [INFO] Processing: 1300/1668 | Accum. Acc: 100.0%
[2026-07-03 22:47:49] [INFO] Processing: 1400/1668 | Accum. Acc: 100.0%
[2026-07-03 22:47:49] [INFO] Processing: 1500/1668 | Accum. Acc: 100.0%
[2026-07-03 22:47:49] [INFO] Processing: 1600/1668 | Accum. Acc: 100.0%
[2026-07-03 22:47:49] [INFO] Processing: 1668/1668 | Accum. Acc: 100.0%
[2026-07-03 22:47:49] [INFO] ============================================================
[2026-07-03 22:47:49] [INFO] 🏆 [최종 성적표] TRANSFORMER TEST EVALUATION REPORT
[2026-07-03 22:47:49] [INFO]  ├─ 평가 대상 파일: pixel_test_v8.jsonl
[2026-07-03 22:47:49] [INFO]  ├─ 총 테스트 문제: 1668 개
[2026-07-03 22:47:49] [INFO]  ├─ 완벽 복원 성공: 1668 개
[2026-07-03 22:47:49] [INFO]  ├─ ❌ 총 오답 수: 0 개
[2026-07-03 22:47:49] [INFO]  └─ 🎯 최종 정확도 (Accuracy): 100.00%
[2026-07-03 22:47:49] [INFO] ============================================================
[2026-07-03 22:47:49] [INFO] [✓] 테스트 로그 저장 완료: logs/20260703_224745_evaluate.log
[2026-07-03 22:47:49] [INFO] [🔥] 시각화 오답 노트(20포인트 샘플링) 저장 완료: logs/20260703_224745_error_analysis.txt
