[2026-07-03 13:12:08] [INFO] Processing: 100/1158 | Accum. Acc: 69.0%
[2026-07-03 13:12:13] [INFO] Processing: 200/1158 | Accum. Acc: 64.0%
[2026-07-03 13:12:17] [INFO] Processing: 300/1158 | Accum. Acc: 64.0%
[2026-07-03 13:12:23] [INFO] Processing: 400/1158 | Accum. Acc: 64.0%
[2026-07-03 13:12:27] [INFO] Processing: 500/1158 | Accum. Acc: 63.2%
[2026-07-03 13:12:33] [INFO] Processing: 600/1158 | Accum. Acc: 62.5%
[2026-07-03 13:12:38] [INFO] Processing: 700/1158 | Accum. Acc: 62.7%
[2026-07-03 13:12:43] [INFO] Processing: 800/1158 | Accum. Acc: 62.6%
[2026-07-03 13:12:49] [INFO] Processing: 900/1158 | Accum. Acc: 62.7%
[2026-07-03 13:12:54] [INFO] Processing: 1000/1158 | Accum. Acc: 62.3%
[2026-07-03 13:12:58] [INFO] Processing: 1100/1158 | Accum. Acc: 62.0%
[2026-07-03 13:13:01] [INFO] Processing: 1158/1158 | Accum. Acc: 62.2%
[2026-07-03 13:13:01] [INFO] ============================================================
[2026-07-03 13:13:01] [INFO] 🏆 [최종 성적표] TEST EVALUATION REPORT (v6)
[2026-07-03 13:13:01] [INFO]  ├─ 평가 대상 파일: pixel_test_v3.jsonl
[2026-07-03 13:13:01] [INFO]  ├─ 총 테스트 문제: 1158 개
[2026-07-03 13:13:01] [INFO]  ├─ 완벽 복원 성공: 720 개
[2026-07-03 13:13:01] [INFO]  └─ 🎯 최종 정확도 (Accuracy): 62.18%
[2026-07-03 13:13:01] [INFO] ============================================================
[2026-07-03 13:13:01] [INFO] [✓] 테스트 로그 저장 완료: logs/20260703_131204_evaluate.log
