[2026-07-03 16:01:40] [INFO] ============================================================
[2026-07-03 16:01:40] [INFO] 🛰️  PIXEL-ART CORE TRAINING PIPELINE
[2026-07-03 16:01:40] [INFO] ============================================================
[2026-07-03 16:01:40] [INFO] [*] ⚙️  [1/6] 개발 환경 내 필수 패키지 검사 중...
[2026-07-03 16:01:41] [INFO]  [✓] torch 라이브러리가 준비되어 있습니다.
[2026-07-03 16:01:41] [INFO]  [✓] tokenizers 라이브러리가 준비되어 있습니다.
[2026-07-03 16:01:41] [INFO]  [✓] scikit-learn 라이브러리가 준비되어 있습니다.
[2026-07-03 16:01:41] [INFO] ------------------------------------------------------------
[2026-07-03 16:01:41] [INFO] ============================================================
[2026-07-03 16:01:41] [INFO] 🛰️  [PIXEL-ART ENGINE CONFIG] ACTIVE VERSION MANAGEMENT
[2026-07-03 16:01:41] [INFO]  ├─ Dataset Version  : v7
[2026-07-03 16:01:41] [INFO]  ├─ BPE Version      : v7
[2026-07-03 16:01:41] [INFO]  └─ Model Version    : v11
[2026-07-03 16:01:41] [INFO] ------------------------------------------------------------
[2026-07-03 16:01:41] [INFO]  📝 [Source Train]   : pixel_train_v7.jsonl
[2026-07-03 16:01:41] [INFO]  📝 [Source Val]     : pixel_val_v7.jsonl
[2026-07-03 16:01:41] [INFO]  📝 [Source Test]    : pixel_test_v7.jsonl
[2026-07-03 16:01:41] [INFO]  💾 [Target Weights] : pixel_model_v11.pt
[2026-07-03 16:01:41] [INFO] ============================================================

[2026-07-03 16:01:41] [INFO] 
🎬 [2/6] pixel_data_generator.py 가동 중...
[2026-07-03 16:01:42] [INFO] [✓] pixel_data_generator.py 연산 성공.
[2026-07-03 16:01:42] [INFO] ------------------------------------------------------------
[2026-07-03 16:01:42] [INFO] 
🎬 [3/6] train_tokenizer.py 가동 중...
[2026-07-03 16:01:42] [INFO] [✓] train_tokenizer.py 연산 성공.
[2026-07-03 16:01:42] [INFO] ------------------------------------------------------------
[2026-07-03 16:01:42] [INFO] 
🎬 [4/6] split_dataset.py 가동 중...
[2026-07-03 16:01:43] [INFO] [✓] split_dataset.py 연산 성공.
[2026-07-03 16:01:43] [INFO] ------------------------------------------------------------
[2026-07-03 16:01:43] [INFO] 
🎬 [5/6] pixel_train.py 가동 중...
[2026-07-03 16:02:22] [INFO] [✓] pixel_train.py 연산 성공.
[2026-07-03 16:02:22] [INFO] ------------------------------------------------------------
[2026-07-03 16:02:22] [INFO] 
🎬 [6/6] evaluate_model.py 가동 중...
[2026-07-03 16:02:26] [INFO] [✓] evaluate_model.py 연산 성공.
[2026-07-03 16:02:26] [INFO] ------------------------------------------------------------
[2026-07-03 16:02:26] [INFO] 
🎉 [SUCCESS] 학습 파이프라인 완주!
[2026-07-03 16:02:26] [INFO] 💡 이제 다음 명령어로 추론 모델을 실행하세요: python pixel_inference.py

[2026-07-03 16:02:26] [INFO] [✓] 전체 공정 마스터 로그 저장 완료: logs/20260703_160140_pipeline.log
