[2026-07-04 09:27:01] [INFO] Processing: 100/1798 | Accum. Acc: 100.0%
[2026-07-04 09:27:01] [INFO] Processing: 200/1798 | Accum. Acc: 100.0%
[2026-07-04 09:27:02] [INFO] Processing: 300/1798 | Accum. Acc: 100.0%
[2026-07-04 09:27:02] [INFO] Processing: 400/1798 | Accum. Acc: 100.0%
[2026-07-04 09:27:02] [INFO] Processing: 500/1798 | Accum. Acc: 99.8%
[2026-07-04 09:27:02] [INFO] Processing: 600/1798 | Accum. Acc: 99.8%
[2026-07-04 09:27:03] [INFO] Processing: 700/1798 | Accum. Acc: 99.9%
[2026-07-04 09:27:03] [INFO] Processing: 800/1798 | Accum. Acc: 99.8%
[2026-07-04 09:27:03] [INFO] Processing: 900/1798 | Accum. Acc: 99.8%
[2026-07-04 09:27:03] [INFO] Processing: 1000/1798 | Accum. Acc: 99.8%
[2026-07-04 09:27:03] [INFO] Processing: 1100/1798 | Accum. Acc: 99.8%
[2026-07-04 09:27:04] [INFO] Processing: 1200/1798 | Accum. Acc: 99.8%
[2026-07-04 09:27:04] [INFO] Processing: 1300/1798 | Accum. Acc: 99.8%
[2026-07-04 09:27:04] [INFO] Processing: 1400/1798 | Accum. Acc: 99.9%
[2026-07-04 09:27:04] [INFO] Processing: 1500/1798 | Accum. Acc: 99.9%
[2026-07-04 09:27:05] [INFO] Processing: 1600/1798 | Accum. Acc: 99.9%
[2026-07-04 09:27:05] [INFO] Processing: 1700/1798 | Accum. Acc: 99.9%
[2026-07-04 09:27:05] [INFO] Processing: 1798/1798 | Accum. Acc: 99.9%
[2026-07-04 09:27:05] [INFO] ============================================================
[2026-07-04 09:27:05] [INFO] 🏆 [최종 성적표] TRANSFORMER TEST EVALUATION REPORT
[2026-07-04 09:27:05] [INFO]  ├─ 평가 대상 파일: dataset_history/pixel_test_v10.jsonl
[2026-07-04 09:27:05] [INFO]  ├─ 총 테스트 문제: 1798 개
[2026-07-04 09:27:05] [INFO]  ├─ 완벽 복원 성공: 1796 개
[2026-07-04 09:27:05] [INFO]  ├─ ❌ 총 오답 수: 2 개
[2026-07-04 09:27:05] [INFO]  └─ 🎯 최종 정확도 (Accuracy): 99.89%
[2026-07-04 09:27:05] [INFO] ============================================================
[2026-07-04 09:27:05] [INFO] [✓] 테스트 로그 저장 완료: logs/20260704_092700_evaluate.log
[2026-07-04 09:27:05] [INFO] [🔥] 시각화 오답 노트(20포인트 샘플링) 저장 완료: logs/20260704_092700_error_analysis.txt
