[2026-07-03 14:32:01] [INFO] ============================================================
[2026-07-03 14:32:01] [INFO] 🛰️  PIXEL-ART CORE TRAINING PIPELINE
[2026-07-03 14:32:01] [INFO] ============================================================
[2026-07-03 14:32:01] [INFO] [*] ⚙️  [1/6] 개발 환경 내 필수 패키지 검사 중...
[2026-07-03 14:32:02] [INFO]  [✓] torch 라이브러리가 준비되어 있습니다.
[2026-07-03 14:32:02] [INFO]  [✓] tokenizers 라이브러리가 준비되어 있습니다.
[2026-07-03 14:32:02] [INFO]  [✓] scikit-learn 라이브러리가 준비되어 있습니다.
[2026-07-03 14:32:02] [INFO] ------------------------------------------------------------
[2026-07-03 14:32:02] [INFO] ============================================================
[2026-07-03 14:32:02] [INFO] 🛰️  [PIXEL-ART ENGINE CONFIG] ACTIVE VERSION MANAGEMENT
[2026-07-03 14:32:02] [INFO]  ├─ Dataset Version  : v4
[2026-07-03 14:32:02] [INFO]  ├─ BPE Version      : v4
[2026-07-03 14:32:02] [INFO]  └─ Model Version    : v8
[2026-07-03 14:32:02] [INFO] ------------------------------------------------------------
[2026-07-03 14:32:02] [INFO]  📝 [Source Train]   : pixel_train_v4.jsonl
[2026-07-03 14:32:02] [INFO]  📝 [Source Val]     : pixel_val_v4.jsonl
[2026-07-03 14:32:02] [INFO]  📝 [Source Test]    : pixel_test_v4.jsonl
[2026-07-03 14:32:02] [INFO]  💾 [Target Weights] : pixel_model_v8.pt
[2026-07-03 14:32:02] [INFO] ============================================================

[2026-07-03 14:32:02] [INFO] 
🎬 [2/6] pixel_data_generator.py 가동 중...
[2026-07-03 14:32:03] [ERROR] 
[❌ 중단] pixel_data_generator.py 실행 중 에러 발생.
