[2026-07-03 20:46:46] [INFO] ============================================================
[2026-07-03 20:46:46] [INFO] 🛰️  PIXEL-ART CORE TRAINING PIPELINE
[2026-07-03 20:46:46] [INFO] ============================================================
[2026-07-03 20:46:46] [INFO] [*] ⚙️  [1/6] 개발 환경 내 필수 패키지 검사 중...
[2026-07-03 20:46:46] [INFO]  [✓] torch 라이브러리가 준비되어 있습니다.
[2026-07-03 20:46:46] [INFO]  [✓] tokenizers 라이브러리가 준비되어 있습니다.
[2026-07-03 20:46:47] [INFO]  [✓] scikit-learn 라이브러리가 준비되어 있습니다.
[2026-07-03 20:46:47] [INFO] ------------------------------------------------------------
[2026-07-03 20:46:47] [INFO] ============================================================
[2026-07-03 20:46:47] [INFO] 🛰️  [PIXEL-ART ENGINE CONFIG] ACTIVE VERSION MANAGEMENT
[2026-07-03 20:46:47] [INFO]  ├─ Dataset Version  : v7
[2026-07-03 20:46:47] [INFO]  ├─ BPE Version      : v7
[2026-07-03 20:46:47] [INFO]  └─ Model Version    : v11
[2026-07-03 20:46:47] [INFO] ------------------------------------------------------------
[2026-07-03 20:46:47] [INFO]  📝 [Source Train]   : pixel_train_v7.jsonl
[2026-07-03 20:46:47] [INFO]  📝 [Source Val]     : pixel_val_v7.jsonl
[2026-07-03 20:46:47] [INFO]  📝 [Source Test]    : pixel_test_v7.jsonl
[2026-07-03 20:46:47] [INFO]  💾 [Target Weights] : pixel_model_v11.pt
[2026-07-03 20:46:47] [INFO] ============================================================

[2026-07-03 20:46:47] [INFO] 
🎬 [2/6] multitask_dataset_builder.py 가동 중...
[2026-07-03 20:46:48] [INFO] [✓] multitask_dataset_builder.py 연산 성공.
[2026-07-03 20:46:48] [INFO] ------------------------------------------------------------
[2026-07-03 20:46:48] [INFO] 
🎬 [3/6] multitask_tokenizer.py 가동 중...
[2026-07-03 20:46:49] [INFO] [✓] multitask_tokenizer.py 연산 성공.
[2026-07-03 20:46:49] [INFO] ------------------------------------------------------------
[2026-07-03 20:46:49] [INFO] 
🎬 [4/6] split_dataset.py 가동 중...
[2026-07-03 20:46:49] [INFO] [✓] split_dataset.py 연산 성공.
[2026-07-03 20:46:49] [INFO] ------------------------------------------------------------
[2026-07-03 20:46:49] [INFO] 
🎬 [5/6] multitask_train.py 가동 중...
[2026-07-03 20:46:51] [ERROR] 
[❌ 중단] multitask_train.py 실행 중 에러 발생.
