[2026-07-03 11:59:00] [INFO] ============================================================
[2026-07-03 11:59:00] [INFO] 🛰️  PIXEL-ART CORE TRAINING PIPELINE
[2026-07-03 11:59:00] [INFO] ============================================================
[2026-07-03 11:59:00] [INFO] [*] ⚙️  [1/6] 개발 환경 내 필수 패키지 검사 중...
[2026-07-03 11:59:01] [INFO]  [✓] torch 라이브러리가 준비되어 있습니다.
[2026-07-03 11:59:01] [INFO]  [✓] tokenizers 라이브러리가 준비되어 있습니다.
[2026-07-03 11:59:02] [INFO]  [✓] scikit-learn 라이브러리가 준비되어 있습니다.
[2026-07-03 11:59:02] [INFO] ------------------------------------------------------------
[2026-07-03 11:59:02] [INFO] ============================================================
[2026-07-03 11:59:02] [INFO] 🛰️  [PIXEL-ART ENGINE CONFIG] ACTIVE VERSION MANAGEMENT
[2026-07-03 11:59:02] [INFO]  ├─ Dataset Version  : v3
[2026-07-03 11:59:02] [INFO]  ├─ BPE Version      : v3
[2026-07-03 11:59:02] [INFO]  └─ Model Version    : v7
[2026-07-03 11:59:02] [INFO] ------------------------------------------------------------
[2026-07-03 11:59:02] [INFO]  📝 [Source Train]   : pixel_train_v3.jsonl
[2026-07-03 11:59:02] [INFO]  📝 [Source Val]     : pixel_val_v3.jsonl
[2026-07-03 11:59:02] [INFO]  📝 [Source Test]    : pixel_test_v3.jsonl
[2026-07-03 11:59:02] [INFO]  💾 [Target Weights] : pixel_model_v7.pt
[2026-07-03 11:59:02] [INFO] ============================================================

[2026-07-03 11:59:02] [INFO] 
🎬 [2/6] pixel_data_generator.py 가동 중...
[2026-07-03 11:59:03] [INFO] [✓] pixel_data_generator.py 연산 성공.
[2026-07-03 11:59:03] [INFO] ------------------------------------------------------------
[2026-07-03 11:59:03] [INFO] 
🎬 [3/6] train_tokenizer.py 가동 중...
[2026-07-03 11:59:03] [INFO] [✓] train_tokenizer.py 연산 성공.
[2026-07-03 11:59:03] [INFO] ------------------------------------------------------------
[2026-07-03 11:59:03] [INFO] 
🎬 [4/6] split_dataset.py 가동 중...
[2026-07-03 11:59:04] [INFO] [✓] split_dataset.py 연산 성공.
[2026-07-03 11:59:04] [INFO] ------------------------------------------------------------
[2026-07-03 11:59:04] [INFO] 
🎬 [5/6] pixel_train.py 가동 중...
[2026-07-03 11:59:04] [ERROR] 
[❌ 중단] pixel_train.py 실행 중 에러 발생.
