[2026-07-03 16:21:49] [INFO] ============================================================
[2026-07-03 16:21:49] [INFO] 🛰️  PIXEL-ART CORE TRAINING PIPELINE
[2026-07-03 16:21:49] [INFO] ============================================================
[2026-07-03 16:21:49] [INFO] [*] ⚙️  [1/6] 개발 환경 내 필수 패키지 검사 중...
[2026-07-03 16:21:50] [INFO]  [✓] torch 라이브러리가 준비되어 있습니다.
[2026-07-03 16:21:50] [INFO]  [✓] tokenizers 라이브러리가 준비되어 있습니다.
[2026-07-03 16:21:51] [INFO]  [✓] scikit-learn 라이브러리가 준비되어 있습니다.
[2026-07-03 16:21:51] [INFO] ------------------------------------------------------------
[2026-07-03 16:21:51] [INFO] ============================================================
[2026-07-03 16:21:51] [INFO] 🛰️  [PIXEL-ART ENGINE CONFIG] ACTIVE VERSION MANAGEMENT
[2026-07-03 16:21:51] [INFO]  ├─ Dataset Version  : v7
[2026-07-03 16:21:51] [INFO]  ├─ BPE Version      : v7
[2026-07-03 16:21:51] [INFO]  └─ Model Version    : v11
[2026-07-03 16:21:51] [INFO] ------------------------------------------------------------
[2026-07-03 16:21:51] [INFO]  📝 [Source Train]   : pixel_train_v7.jsonl
[2026-07-03 16:21:51] [INFO]  📝 [Source Val]     : pixel_val_v7.jsonl
[2026-07-03 16:21:51] [INFO]  📝 [Source Test]    : pixel_test_v7.jsonl
[2026-07-03 16:21:51] [INFO]  💾 [Target Weights] : pixel_model_v11.pt
[2026-07-03 16:21:51] [INFO] ============================================================

[2026-07-03 16:21:51] [INFO] 
🎬 [2/6] pixel_data_generator.py 가동 중...
[2026-07-03 16:21:51] [INFO] [✓] pixel_data_generator.py 연산 성공.
[2026-07-03 16:21:51] [INFO] ------------------------------------------------------------
[2026-07-03 16:21:51] [INFO] 
🎬 [3/6] train_tokenizer.py 가동 중...
[2026-07-03 16:21:52] [INFO] [✓] train_tokenizer.py 연산 성공.
[2026-07-03 16:21:52] [INFO] ------------------------------------------------------------
[2026-07-03 16:21:52] [INFO] 
🎬 [4/6] split_dataset.py 가동 중...
[2026-07-03 16:21:53] [INFO] [✓] split_dataset.py 연산 성공.
[2026-07-03 16:21:53] [INFO] ------------------------------------------------------------
[2026-07-03 16:21:53] [INFO] 
🎬 [5/6] pixel_train.py 가동 중...
[2026-07-03 16:22:14] [INFO] [✓] pixel_train.py 연산 성공.
[2026-07-03 16:22:14] [INFO] ------------------------------------------------------------
[2026-07-03 16:22:14] [INFO] 
🎬 [6/6] evaluate_model.py 가동 중...
[2026-07-03 16:22:15] [ERROR] 
[❌ 중단] evaluate_model.py 실행 중 에러 발생.
