[2026-07-03 14:37:36] [INFO] ============================================================
[2026-07-03 14:37:36] [INFO] 🛰️  PIXEL-ART CORE TRAINING PIPELINE
[2026-07-03 14:37:36] [INFO] ============================================================
[2026-07-03 14:37:36] [INFO] [*] ⚙️  [1/6] 개발 환경 내 필수 패키지 검사 중...
[2026-07-03 14:37:37] [INFO]  [✓] torch 라이브러리가 준비되어 있습니다.
[2026-07-03 14:37:37] [INFO]  [✓] tokenizers 라이브러리가 준비되어 있습니다.
[2026-07-03 14:37:38] [INFO]  [✓] scikit-learn 라이브러리가 준비되어 있습니다.
[2026-07-03 14:37:38] [INFO] ------------------------------------------------------------
[2026-07-03 14:37:38] [INFO] ============================================================
[2026-07-03 14:37:38] [INFO] 🛰️  [PIXEL-ART ENGINE CONFIG] ACTIVE VERSION MANAGEMENT
[2026-07-03 14:37:38] [INFO]  ├─ Dataset Version  : v4
[2026-07-03 14:37:38] [INFO]  ├─ BPE Version      : v4
[2026-07-03 14:37:38] [INFO]  └─ Model Version    : v8
[2026-07-03 14:37:38] [INFO] ------------------------------------------------------------
[2026-07-03 14:37:38] [INFO]  📝 [Source Train]   : pixel_train_v4.jsonl
[2026-07-03 14:37:38] [INFO]  📝 [Source Val]     : pixel_val_v4.jsonl
[2026-07-03 14:37:38] [INFO]  📝 [Source Test]    : pixel_test_v4.jsonl
[2026-07-03 14:37:38] [INFO]  💾 [Target Weights] : pixel_model_v8.pt
[2026-07-03 14:37:38] [INFO] ============================================================

[2026-07-03 14:37:38] [INFO] 
🎬 [2/6] pixel_data_generator.py 가동 중...
[2026-07-03 14:37:38] [INFO] [✓] pixel_data_generator.py 연산 성공.
[2026-07-03 14:37:38] [INFO] ------------------------------------------------------------
[2026-07-03 14:37:38] [INFO] 
🎬 [3/6] train_tokenizer.py 가동 중...
[2026-07-03 14:37:38] [INFO] [✓] train_tokenizer.py 연산 성공.
[2026-07-03 14:37:38] [INFO] ------------------------------------------------------------
[2026-07-03 14:37:38] [INFO] 
🎬 [4/6] split_dataset.py 가동 중...
[2026-07-03 14:37:39] [INFO] [✓] split_dataset.py 연산 성공.
[2026-07-03 14:37:39] [INFO] ------------------------------------------------------------
[2026-07-03 14:37:39] [INFO] 
🎬 [5/6] pixel_train.py 가동 중...
[2026-07-03 14:44:15] [INFO] [✓] pixel_train.py 연산 성공.
[2026-07-03 14:44:15] [INFO] ------------------------------------------------------------
[2026-07-03 14:44:15] [INFO] 
🎬 [6/6] evaluate_model.py 가동 중...
[2026-07-03 14:44:16] [ERROR] 
[❌ 중단] evaluate_model.py 실행 중 에러 발생.
